Component: ARM Compiler 5.05 update 1 (build 106) Tool: armlink [4d0efa]

==============================================================================

Section Cross References

    gpio.o(i.MX_GPIO_Init) refers to stm32f1xx_hal_gpio.o(i.HAL_GPIO_WritePin) for HAL_GPIO_WritePin
    gpio.o(i.MX_GPIO_Init) refers to stm32f1xx_hal_gpio.o(i.HAL_GPIO_Init) for HAL_GPIO_Init
    usb_device.o(i.MX_USB_DEVICE_Init) refers to usbd_core.o(i.USBD_Init) for USBD_Init
    usb_device.o(i.MX_USB_DEVICE_Init) refers to usbd_core.o(i.USBD_RegisterClass) for USBD_RegisterClass
    usb_device.o(i.MX_USB_DEVICE_Init) refers to usbd_cdc.o(i.USBD_CDC_RegisterInterface) for USBD_CDC_RegisterInterface
    usb_device.o(i.MX_USB_DEVICE_Init) refers to usbd_core.o(i.USBD_Start) for USBD_Start
    usb_device.o(i.MX_USB_DEVICE_Init) refers to usbd_desc.o(.data) for FS_Desc
    usb_device.o(i.MX_USB_DEVICE_Init) refers to usb_device.o(.bss) for .bss
    usb_device.o(i.MX_USB_DEVICE_Init) refers to usbd_cdc.o(.data) for USBD_CDC
    usb_device.o(i.MX_USB_DEVICE_Init) refers to usbd_cdc_if.o(.data) for USBD_Interface_fops_FS
    stm32f1xx_hal_msp.o(i.HAL_MspInit) refers to stm32f1xx_hal_cortex.o(i.HAL_NVIC_SetPriorityGrouping) for HAL_NVIC_SetPriorityGrouping
    stm32f1xx_hal_msp.o(i.HAL_MspInit) refers to stm32f1xx_hal_cortex.o(i.HAL_NVIC_SetPriority) for HAL_NVIC_SetPriority
    main.o(i.SystemClock_Config) refers to stm32f1xx_hal_rcc.o(i.HAL_RCC_OscConfig) for HAL_RCC_OscConfig
    main.o(i.SystemClock_Config) refers to stm32f1xx_hal_rcc.o(i.HAL_RCC_ClockConfig) for HAL_RCC_ClockConfig
    main.o(i.SystemClock_Config) refers to stm32f1xx_hal_rcc_ex.o(i.HAL_RCCEx_PeriphCLKConfig) for HAL_RCCEx_PeriphCLKConfig
    main.o(i.SystemClock_Config) refers to stm32f1xx_hal_rcc.o(i.HAL_RCC_GetHCLKFreq) for HAL_RCC_GetHCLKFreq
    main.o(i.SystemClock_Config) refers to stm32f1xx_hal_cortex.o(i.HAL_SYSTICK_Config) for HAL_SYSTICK_Config
    main.o(i.SystemClock_Config) refers to stm32f1xx_hal_cortex.o(i.HAL_SYSTICK_CLKSourceConfig) for HAL_SYSTICK_CLKSourceConfig
    main.o(i.SystemClock_Config) refers to stm32f1xx_hal_cortex.o(i.HAL_NVIC_SetPriority) for HAL_NVIC_SetPriority
    main.o(i.main) refers to stm32f1xx_hal.o(i.HAL_Init) for HAL_Init
    main.o(i.main) refers to main.o(i.SystemClock_Config) for SystemClock_Config
    main.o(i.main) refers to gpio.o(i.MX_GPIO_Init) for MX_GPIO_Init
    main.o(i.main) refers to tim.o(i.MX_TIM1_Init) for MX_TIM1_Init
    main.o(i.main) refers to freertos.o(i.MX_FREERTOS_Init) for MX_FREERTOS_Init
    main.o(i.main) refers to cmsis_os.o(i.osKernelStart) for osKernelStart
    freertos.o(i.MX_FREERTOS_Init) refers to memcpya.o(.text) for __aeabi_memcpy4
    freertos.o(i.MX_FREERTOS_Init) refers to cmsis_os.o(i.osThreadCreate) for osThreadCreate
    freertos.o(i.MX_FREERTOS_Init) refers to freertos.o(.constdata) for .constdata
    freertos.o(i.MX_FREERTOS_Init) refers to freertos.o(.data) for .data
    freertos.o(i.StartDefaultTask) refers to usb_device.o(i.MX_USB_DEVICE_Init) for MX_USB_DEVICE_Init
    freertos.o(i.StartDefaultTask) refers to printfb.o(i.__0sprintf$bare) for __2sprintf
    freertos.o(i.StartDefaultTask) refers to stm32f1xx_hal_gpio.o(i.HAL_GPIO_ReadPin) for HAL_GPIO_ReadPin
    freertos.o(i.StartDefaultTask) refers to stm32f1xx_hal_gpio.o(i.HAL_GPIO_WritePin) for HAL_GPIO_WritePin
    freertos.o(i.StartDefaultTask) refers to cmsis_os.o(i.osDelay) for osDelay
    freertos.o(i.StartDefaultTask) refers to strlen.o(.text) for strlen
    freertos.o(i.StartDefaultTask) refers to usbd_cdc_if.o(i.CDC_Transmit_FS) for CDC_Transmit_FS
    freertos.o(i.lightsTask) refers to cmsis_os.o(i.osDelay) for osDelay
    freertos.o(.constdata) refers to freertos.o(.conststring) for .conststring
    freertos.o(.constdata) refers to freertos.o(i.StartDefaultTask) for StartDefaultTask
    freertos.o(.constdata) refers to freertos.o(i.lightsTask) for lightsTask
    stm32f1xx_it.o(i.SysTick_Handler) refers to stm32f1xx_hal.o(i.HAL_IncTick) for HAL_IncTick
    stm32f1xx_it.o(i.SysTick_Handler) refers to cmsis_os.o(i.osSystickHandler) for osSystickHandler
    stm32f1xx_it.o(i.USB_LP_CAN1_RX0_IRQHandler) refers to stm32f1xx_hal_pcd.o(i.HAL_PCD_IRQHandler) for HAL_PCD_IRQHandler
    stm32f1xx_it.o(i.USB_LP_CAN1_RX0_IRQHandler) refers to usbd_conf.o(.bss) for hpcd_USB_FS
    usbd_desc.o(i.USBD_FS_ConfigStrDescriptor) refers to usbd_ctlreq.o(i.USBD_GetString) for USBD_GetString
    usbd_desc.o(i.USBD_FS_ConfigStrDescriptor) refers to usbd_desc.o(.bss) for .bss
    usbd_desc.o(i.USBD_FS_DeviceDescriptor) refers to usbd_desc.o(.data) for .data
    usbd_desc.o(i.USBD_FS_InterfaceStrDescriptor) refers to usbd_ctlreq.o(i.USBD_GetString) for USBD_GetString
    usbd_desc.o(i.USBD_FS_InterfaceStrDescriptor) refers to usbd_desc.o(.bss) for .bss
    usbd_desc.o(i.USBD_FS_LangIDStrDescriptor) refers to usbd_desc.o(.data) for .data
[...]
    ../clib/microlib/printf/printf.c         0x00000000   Number         0  printf3.o ABSOLUTE
    ../clib/microlib/printf/printf.c         0x00000000   Number         0  printf1.o ABSOLUTE
    ../clib/microlib/printf/printf.c         0x00000000   Number         0  printf2.o ABSOLUTE
    ../clib/microlib/printf/printf.c         0x00000000   Number         0  printf6.o ABSOLUTE
    ../clib/microlib/printf/printf.c         0x00000000   Number         0  printf0.o ABSOLUTE
    ../clib/microlib/printf/printf.c         0x00000000   Number         0  printfb.o ABSOLUTE
    ../clib/microlib/printf/printf.c         0x00000000   Number         0  printfa.o ABSOLUTE
    ../clib/microlib/printf/printf.c         0x00000000   Number         0  printf8.o ABSOLUTE
    ../clib/microlib/stdio/fputc.c           0x00000000   Number         0  fputc.o ABSOLUTE
    ../clib/microlib/stdio/semi.s            0x00000000   Number         0  semi.o ABSOLUTE
    ../clib/microlib/stdio/streams.c         0x00000000   Number         0  stdout.o ABSOLUTE
    ../clib/microlib/string/memcpy.c         0x00000000   Number         0  memcpyb.o ABSOLUTE
    ../clib/microlib/string/memcpy.c         0x00000000   Number         0  memcpya.o ABSOLUTE
    ../clib/microlib/string/strlen.c         0x00000000   Number         0  strlen.o ABSOLUTE
    ../clib/microlib/stubs.s                 0x00000000   Number         0  iusefp.o ABSOLUTE
    ../clib/microlib/stubs.s                 0x00000000   Number         0  iusesemip.o ABSOLUTE
    ../fplib/microlib/fpadd.c                0x00000000   Number         0  dadd.o ABSOLUTE
    ../fplib/microlib/fpdiv.c                0x00000000   Number         0  ddiv.o ABSOLUTE
    ../fplib/microlib/fpepilogue.c           0x00000000   Number         0  depilogue.o ABSOLUTE
    ../fplib/microlib/fpfix.c                0x00000000   Number         0  dfixul.o ABSOLUTE
    ../fplib/microlib/fpmul.c                0x00000000   Number         0  dmul.o ABSOLUTE
    ..\Drivers\STM32F1xx_HAL_Driver\Src\stm32f1xx_hal.c 0x00000000   Number         0  stm32f1xx_hal.o ABSOLUTE
    ..\Drivers\STM32F1xx_HAL_Driver\Src\stm32f1xx_hal_cortex.c 0x00000000   Number         0  stm32f1xx_hal_cortex.o ABSOLUTE
    ..\Drivers\STM32F1xx_HAL_Driver\Src\stm32f1xx_hal_dma.c 0x00000000   Number         0  stm32f1xx_hal_dma.o ABSOLUTE
    ..\Drivers\STM32F1xx_HAL_Driver\Src\stm32f1xx_hal_flash.c 0x00000000   Number         0  stm32f1xx_hal_flash.o ABSOLUTE
    ..\Drivers\STM32F1xx_HAL_Driver\Src\stm32f1xx_hal_flash_ex.c 0x00000000   Number         0  stm32f1xx_hal_flash_ex.o ABSOLUTE
    ..\Drivers\STM32F1xx_HAL_Driver\Src\stm32f1xx_hal_gpio.c 0x00000000   Number         0  stm32f1xx_hal_gpio.o ABSOLUTE
    ..\Drivers\STM32F1xx_HAL_Driver\Src\stm32f1xx_hal_gpio_ex.c 0x00000000   Number         0  stm32f1xx_hal_gpio_ex.o ABSOLUTE
    ..\Drivers\STM32F1xx_HAL_Driver\Src\stm32f1xx_hal_pcd.c 0x00000000   Number         0  stm32f1xx_hal_pcd.o ABSOLUTE
    ..\Drivers\STM32F1xx_HAL_Driver\Src\stm32f1xx_hal_pcd_ex.c 0x00000000   Number         0  stm32f1xx_hal_pcd_ex.o ABSOLUTE
    ..\Drivers\STM32F1xx_HAL_Driver\Src\stm32f1xx_hal_pwr.c 0x00000000   Number         0  stm32f1xx_hal_pwr.o ABSOLUTE
    ..\Drivers\STM32F1xx_HAL_Driver\Src\stm32f1xx_hal_rcc.c 0x00000000   Number         0  stm32f1xx_hal_rcc.o ABSOLUTE
    ..\Drivers\STM32F1xx_HAL_Driver\Src\stm32f1xx_hal_rcc_ex.c 0x00000000   Number         0  stm32f1xx_hal_rcc_ex.o ABSOLUTE
    ..\Drivers\STM32F1xx_HAL_Driver\Src\stm32f1xx_hal_tim.c 0x00000000   Number         0  stm32f1xx_hal_tim.o ABSOLUTE
    ..\Drivers\STM32F1xx_HAL_Driver\Src\stm32f1xx_hal_tim_ex.c 0x00000000   Number         0  stm32f1xx_hal_tim_ex.o ABSOLUTE
    ..\Drivers\STM32F1xx_HAL_Driver\Src\stm32f1xx_ll_usb.c 0x00000000   Number         0  stm32f1xx_ll_usb.o ABSOLUTE
    ..\Middlewares\ST\STM32_USB_Device_Library\Class\CDC\Src\usbd_cdc.c 0x00000000   Number         0  usbd_cdc.o ABSOLUTE
    ..\Middlewares\ST\STM32_USB_Device_Library\Core\Src\usbd_core.c 0x00000000   Number         0  usbd_core.o ABSOLUTE
    ..\Middlewares\ST\STM32_USB_Device_Library\Core\Src\usbd_ctlreq.c 0x00000000   Number         0  usbd_ctlreq.o ABSOLUTE
    ..\Middlewares\ST\STM32_USB_Device_Library\Core\Src\usbd_ioreq.c 0x00000000   Number         0  usbd_ioreq.o ABSOLUTE
    ..\Middlewares\Third_Party\FreeRTOS\Source\CMSIS_RTOS\cmsis_os.c 0x00000000   Number         0  cmsis_os.o ABSOLUTE
    ..\Middlewares\Third_Party\FreeRTOS\Source\portable\RVDS\ARM_CM3\port.c 0x00000000   Number         0  port.o ABSOLUTE
    ..\Src\freertos.c                        0x00000000   Number         0  freertos.o ABSOLUTE
    ..\Src\gpio.c                            0x00000000   Number         0  gpio.o ABSOLUTE
    ..\Src\main.c                            0x00000000   Number         0  main.o ABSOLUTE
    ..\Src\stm32f1xx_hal_msp.c               0x00000000   Number         0  stm32f1xx_hal_msp.o ABSOLUTE
    ..\Src\stm32f1xx_it.c                    0x00000000   Number         0  stm32f1xx_it.o ABSOLUTE
    ..\Src\system_stm32f1xx.c                0x00000000   Number         0  system_stm32f1xx.o ABSOLUTE
    ..\Src\tim.c                             0x00000000   Number         0  tim.o ABSOLUTE
    ..\Src\usb_device.c                      0x00000000   Number         0  usb_device.o ABSOLUTE
    ..\Src\usbd_cdc_if.c                     0x00000000   Number         0  usbd_cdc_if.o ABSOLUTE
    ..\Src\usbd_conf.c                       0x00000000   Number         0  usbd_conf.o ABSOLUTE
    ..\Src\usbd_desc.c                       0x00000000   Number         0  usbd_desc.o ABSOLUTE
    cdrcmple.s                               0x00000000   Number         0  cdrcmple.o ABSOLUTE
    dc.s                                     0x00000000   Number         0  dc.o ABSOLUTE
    handlers.s                               0x00000000   Number         0  handlers.o ABSOLUTE
    init.s                                   0x00000000   Number         0  init.o ABSOLUTE
    startup_stm32f103xb.s                    0x00000000   Number         0  startup_stm32f103xb.o ABSOLUTE
    RESET                                    0x08000000   Section      236  startup_stm32f103xb.o(RESET)
    .ARM.Collect$$$$00000000                 0x080000ec   Section        0  entry.o(.ARM.Collect$$$$00000000)
    .ARM.Collect$$$$00000001                 0x080000ec   Section        4  entry2.o(.ARM.Collect$$$$00000001)
    .ARM.Collect$$$$00000004                 0x080000f0   Section        4  entry5.o(.ARM.Collect$$$$00000004)
    .ARM.Collect$$$$00000008                 0x080000f4   Section        0  entry7b.o(.ARM.Collect$$$$00000008)
    .ARM.Collect$$$$0000000A                 0x080000f4   Section        0  entry8b.o(.ARM.Collect$$$$0000000A)
    .ARM.Collect$$$$0000000B                 0x080000f4   Section        8  entry9a.o(.ARM.Collect$$$$0000000B)
    .ARM.Collect$$$$0000000D                 0x080000fc   Section        0  entry10a.o(.ARM.Collect$$$$0000000D)
    .ARM.Collect$$$$0000000F                 0x080000fc   Section        0  entry11a.o(.ARM.Collect$$$$0000000F)
    .ARM.Collect$$$$00002712                 0x080000fc   Section        4  entry2.o(.ARM.Collect$$$$00002712)
    __lit__00000000                          0x080000fc   Data           4  entry2.o(.ARM.Collect$$$$00002712)
    .emb_text                                0x08000100   Section      162  port.o(.emb_text)
    .text                                    0x080001a4   Section       36  startup_stm32f103xb.o(.text)
    .text                                    0x080001c8   Section        0  memcpya.o(.text)
    .text                                    0x080001ec   Section        0  strlen.o(.text)
    .text                                    0x080001fc   Section       36  init.o(.text)
    .text                                    0x08000220   Section        0  __dczerorl2.o(.text)
    i.BusFault_Handler                       0x08000276   Section        0  stm32f1xx_it.o(i.BusFault_Handler)
    i.CDC_Control_FS                         0x08000278   Section        0  usbd_cdc_if.o(i.CDC_Control_FS)
    CDC_Control_FS                           0x08000279   Thumb Code     4  usbd_cdc_if.o(i.CDC_Control_FS)
    i.CDC_DeInit_FS                          0x0800027c   Section        0  usbd_cdc_if.o(i.CDC_DeInit_FS)
    CDC_DeInit_FS                            0x0800027d   Thumb Code     4  usbd_cdc_if.o(i.CDC_DeInit_FS)
    i.CDC_Init_FS                            0x08000280   Section        0  usbd_cdc_if.o(i.CDC_Init_FS)
    CDC_Init_FS                              0x08000281   Thumb Code    26  usbd_cdc_if.o(i.CDC_Init_FS)
    i.CDC_Receive_FS                         0x080002a4   Section        0  usbd_cdc_if.o(i.CDC_Receive_FS)
    CDC_Receive_FS                           0x080002a5   Thumb Code    20  usbd_cdc_if.o(i.CDC_Receive_FS)
    i.CDC_Transmit_FS                        0x080002bc   Section        0  usbd_cdc_if.o(i.CDC_Transmit_FS)
    i.DebugMon_Handler                       0x080002e8   Section        0  stm32f1xx_it.o(i.DebugMon_Handler)
    i.HAL_Delay                              0x080002ea   Section        0  stm32f1xx_hal.o(i.HAL_Delay)
    i.HAL_GPIO_Init                          0x08000300   Section        0  stm32f1xx_hal_gpio.o(i.HAL_GPIO_Init)
    i.HAL_GPIO_ReadPin                       0x080004bc   Section        0  stm32f1xx_hal_gpio.o(i.HAL_GPIO_ReadPin)
    i.HAL_GPIO_WritePin                      0x080004c6   Section        0  stm32f1xx_hal_gpio.o(i.HAL_GPIO_WritePin)
    i.HAL_GetTick                            0x080004d0   Section        0  stm32f1xx_hal.o(i.HAL_GetTick)
    i.HAL_IncTick                            0x080004dc   Section        0  stm32f1xx_hal.o(i.HAL_IncTick)
    i.HAL_Init                               0x080004ec   Section        0  stm32f1xx_hal.o(i.HAL_Init)
    i.HAL_InitTick                           0x08000510   Section        0  stm32f1xx_hal.o(i.HAL_InitTick)
    i.HAL_MspInit                            0x08000534   Section        0  stm32f1xx_hal_msp.o(i.HAL_MspInit)
    i.HAL_NVIC_EnableIRQ                     0x080005b4   Section        0  stm32f1xx_hal_cortex.o(i.HAL_NVIC_EnableIRQ)
    i.HAL_NVIC_SetPriority                   0x080005cc   Section        0  stm32f1xx_hal_cortex.o(i.HAL_NVIC_SetPriority)
    i.HAL_NVIC_SetPriorityGrouping           0x0800060c   Section        0  stm32f1xx_hal_cortex.o(i.HAL_NVIC_SetPriorityGrouping)
    i.HAL_PCDEx_PMAConfig                    0x08000630   Section        0  stm32f1xx_hal_pcd_ex.o(i.HAL_PCDEx_PMAConfig)
    i.HAL_PCDEx_SetConnectionState           0x08000664   Section        0  usbd_conf.o(i.HAL_PCDEx_SetConnectionState)
    i.HAL_PCD_DataInStageCallback            0x08000666   Section        0  usbd_conf.o(i.HAL_PCD_DataInStageCallback)
    i.HAL_PCD_DataOutStageCallback           0x08000674   Section        0  usbd_conf.o(i.HAL_PCD_DataOutStageCallback)
    i.HAL_PCD_EP_Close                       0x08000684   Section        0  stm32f1xx_hal_pcd.o(i.HAL_PCD_EP_Close)
    i.HAL_PCD_EP_ClrStall                    0x080006c4   Section        0  stm32f1xx_hal_pcd.o(i.HAL_PCD_EP_ClrStall)
    i.HAL_PCD_EP_GetRxCount                  0x0800070c   Section        0  stm32f1xx_hal_pcd.o(i.HAL_PCD_EP_GetRxCount)
    i.HAL_PCD_EP_Open                        0x0800071c   Section        0  stm32f1xx_hal_pcd.o(i.HAL_PCD_EP_Open)
    i.HAL_PCD_EP_Receive                     0x08000760   Section        0  stm32f1xx_hal_pcd.o(i.HAL_PCD_EP_Receive)
    i.HAL_PCD_EP_SetStall                    0x080007a0   Section        0  stm32f1xx_hal_pcd.o(i.HAL_PCD_EP_SetStall)
    i.HAL_PCD_EP_Transmit                    0x080007f6   Section        0  stm32f1xx_hal_pcd.o(i.HAL_PCD_EP_Transmit)
    i.HAL_PCD_IRQHandler                     0x08000834   Section        0  stm32f1xx_hal_pcd.o(i.HAL_PCD_IRQHandler)
    i.HAL_PCD_Init                           0x08000940   Section        0  stm32f1xx_hal_pcd.o(i.HAL_PCD_Init)
    i.HAL_PCD_MspInit                        0x08000a00   Section        0  usbd_conf.o(i.HAL_PCD_MspInit)
    i.HAL_PCD_ResetCallback                  0x08000a3c   Section        0  usbd_conf.o(i.HAL_PCD_ResetCallback)
    i.HAL_PCD_ResumeCallback                 0x08000a56   Section        0  usbd_conf.o(i.HAL_PCD_ResumeCallback)
    i.HAL_PCD_SOFCallback                    0x08000a5e   Section        0  usbd_conf.o(i.HAL_PCD_SOFCallback)
    i.HAL_PCD_SetAddress                     0x08000a66   Section        0  stm32f1xx_hal_pcd.o(i.HAL_PCD_SetAddress)
    i.HAL_PCD_SetupStageCallback             0x08000a8e   Section        0  usbd_conf.o(i.HAL_PCD_SetupStageCallback)
    i.HAL_PCD_Start                          0x08000a9c   Section        0  stm32f1xx_hal_pcd.o(i.HAL_PCD_Start)
    i.HAL_PCD_SuspendCallback                0x08000ad0   Section        0  usbd_conf.o(i.HAL_PCD_SuspendCallback)
    i.HAL_RCCEx_PeriphCLKConfig              0x08000af4   Section        0  stm32f1xx_hal_rcc_ex.o(i.HAL_RCCEx_PeriphCLKConfig)
    i.HAL_RCC_ClockConfig                    0x08000c20   Section        0  stm32f1xx_hal_rcc.o(i.HAL_RCC_ClockConfig)
    i.HAL_RCC_GetHCLKFreq                    0x08000da8   Section        0  stm32f1xx_hal_rcc.o(i.HAL_RCC_GetHCLKFreq)
    i.HAL_RCC_GetSysClockFreq                0x08000db4   Section        0  stm32f1xx_hal_rcc.o(i.HAL_RCC_GetSysClockFreq)
    i.HAL_RCC_OscConfig                      0x08000e3c   Section        0  stm32f1xx_hal_rcc.o(i.HAL_RCC_OscConfig)
    i.HAL_SYSTICK_CLKSourceConfig            0x080013ba   Section        0  stm32f1xx_hal_cortex.o(i.HAL_SYSTICK_CLKSourceConfig)
    i.HAL_SYSTICK_Config                     0x080013d2   Section        0  stm32f1xx_hal_cortex.o(i.HAL_SYSTICK_Config)
    i.HAL_TIMEx_MasterConfigSynchronization  0x080013fa   Section        0  stm32f1xx_hal_tim_ex.o(i.HAL_TIMEx_MasterConfigSynchronization)
    i.HAL_TIM_Base_Init                      0x0800144a   Section        0  stm32f1xx_hal_tim.o(i.HAL_TIM_Base_Init)
    i.HAL_TIM_Base_MspInit                   0x08001480   Section        0  tim.o(i.HAL_TIM_Base_MspInit)
    i.HAL_TIM_ConfigClockSource              0x080014a8   Section        0  stm32f1xx_hal_tim.o(i.HAL_TIM_ConfigClockSource)
    i.HardFault_Handler                      0x0800159a   Section        0  stm32f1xx_it.o(i.HardFault_Handler)
    i.MX_FREERTOS_Init                       0x0800159c   Section        0  freertos.o(i.MX_FREERTOS_Init)
    i.MX_GPIO_Init                           0x080015d8   Section        0  gpio.o(i.MX_GPIO_Init)
    i.MX_TIM1_Init                           0x08001650   Section        0  tim.o(i.MX_TIM1_Init)
    i.MX_USB_DEVICE_Init                     0x080016c0   Section        0  usb_device.o(i.MX_USB_DEVICE_Init)
    i.MemManage_Handler                      0x080016f8   Section        0  stm32f1xx_it.o(i.MemManage_Handler)
    i.NMI_Handler                            0x080016fa   Section        0  stm32f1xx_it.o(i.NMI_Handler)
    i.NVIC_SetPriority                       0x080016fc   Section        0  stm32f1xx_hal_cortex.o(i.NVIC_SetPriority)
    NVIC_SetPriority                         0x080016fd   Thumb Code    32  stm32f1xx_hal_cortex.o(i.NVIC_SetPriority)
    i.PCD_EP_ISR_Handler                     0x0800171c   Section        0  stm32f1xx_hal_pcd.o(i.PCD_EP_ISR_Handler)
    PCD_EP_ISR_Handler                       0x0800171d   Thumb Code   866  stm32f1xx_hal_pcd.o(i.PCD_EP_ISR_Handler)
    i.StartDefaultTask                       0x08001a80   Section        0  freertos.o(i.StartDefaultTask)
    i.SysTick_Handler                        0x08001afc   Section        0  stm32f1xx_it.o(i.SysTick_Handler)
    i.SystemClock_Config                     0x08001b0a   Section        0  main.o(i.SystemClock_Config)
    i.SystemInit                             0x08001b84   Section        0  system_stm32f1xx.o(i.SystemInit)
    i.TIM_Base_SetConfig                     0x08001bcc   Section        0  stm32f1xx_hal_tim.o(i.TIM_Base_SetConfig)
    i.TIM_ETR_SetConfig                      0x08001c30   Section        0  stm32f1xx_hal_tim.o(i.TIM_ETR_SetConfig)
    TIM_ETR_SetConfig                        0x08001c31   Thumb Code    20  stm32f1xx_hal_tim.o(i.TIM_ETR_SetConfig)
    i.TIM_ITRx_SetConfig                     0x08001c44   Section        0  stm32f1xx_hal_tim.o(i.TIM_ITRx_SetConfig)
    TIM_ITRx_SetConfig                       0x08001c45   Thumb Code    16  stm32f1xx_hal_tim.o(i.TIM_ITRx_SetConfig)
    i.TIM_TI1_ConfigInputStage               0x08001c54   Section        0  stm32f1xx_hal_tim.o(i.TIM_TI1_ConfigInputStage)
    TIM_TI1_ConfigInputStage                 0x08001c55   Thumb Code    34  stm32f1xx_hal_tim.o(i.TIM_TI1_ConfigInputStage)
    i.TIM_TI2_ConfigInputStage               0x08001c76   Section        0  stm32f1xx_hal_tim.o(i.TIM_TI2_ConfigInputStage)
    TIM_TI2_ConfigInputStage                 0x08001c77   Thumb Code    36  stm32f1xx_hal_tim.o(i.TIM_TI2_ConfigInputStage)
    i.USBD_CDC_DataIn                        0x08001c9a   Section        0  usbd_cdc.o(i.USBD_CDC_DataIn)
    USBD_CDC_DataIn                          0x08001c9b   Thumb Code    20  usbd_cdc.o(i.USBD_CDC_DataIn)
    i.USBD_CDC_DataOut                       0x08001cae   Section        0  usbd_cdc.o(i.USBD_CDC_DataOut)
    USBD_CDC_DataOut                         0x08001caf   Thumb Code    46  usbd_cdc.o(i.USBD_CDC_DataOut)
    i.USBD_CDC_DeInit                        0x08001cdc   Section        0  usbd_cdc.o(i.USBD_CDC_DeInit)
    USBD_CDC_DeInit                          0x08001cdd   Thumb Code    60  usbd_cdc.o(i.USBD_CDC_DeInit)
    i.USBD_CDC_EP0_RxReady                   0x08001d18   Section        0  usbd_cdc.o(i.USBD_CDC_EP0_RxReady)
    USBD_CDC_EP0_RxReady                     0x08001d19   Thumb Code    36  usbd_cdc.o(i.USBD_CDC_EP0_RxReady)
    i.USBD_CDC_GetDeviceQualifierDescriptor  0x08001d3c   Section        0  usbd_cdc.o(i.USBD_CDC_GetDeviceQualifierDescriptor)
    i.USBD_CDC_GetFSCfgDesc                  0x08001d48   Section        0  usbd_cdc.o(i.USBD_CDC_GetFSCfgDesc)
    USBD_CDC_GetFSCfgDesc                    0x08001d49   Thumb Code     8  usbd_cdc.o(i.USBD_CDC_GetFSCfgDesc)
    i.USBD_CDC_GetHSCfgDesc                  0x08001d54   Section        0  usbd_cdc.o(i.USBD_CDC_GetHSCfgDesc)
    USBD_CDC_GetHSCfgDesc                    0x08001d55   Thumb Code     8  usbd_cdc.o(i.USBD_CDC_GetHSCfgDesc)
    i.USBD_CDC_GetOtherSpeedCfgDesc          0x08001d60   Section        0  usbd_cdc.o(i.USBD_CDC_GetOtherSpeedCfgDesc)
    USBD_CDC_GetOtherSpeedCfgDesc            0x08001d61   Thumb Code     8  usbd_cdc.o(i.USBD_CDC_GetOtherSpeedCfgDesc)
    i.USBD_CDC_Init                          0x08001d6c   Section        0  usbd_cdc.o(i.USBD_CDC_Init)
    USBD_CDC_Init                            0x08001d6d   Thumb Code   136  usbd_cdc.o(i.USBD_CDC_Init)
    i.USBD_CDC_ReceivePacket                 0x08001df4   Section        0  usbd_cdc.o(i.USBD_CDC_ReceivePacket)
    i.USBD_CDC_RegisterInterface             0x08001e1c   Section        0  usbd_cdc.o(i.USBD_CDC_RegisterInterface)
    i.USBD_CDC_SetRxBuffer                   0x08001e2c   Section        0  usbd_cdc.o(i.USBD_CDC_SetRxBuffer)
    i.USBD_CDC_SetTxBuffer                   0x08001e38   Section        0  usbd_cdc.o(i.USBD_CDC_SetTxBuffer)
    i.USBD_CDC_Setup                         0x08001e48   Section        0  usbd_cdc.o(i.USBD_CDC_Setup)
    USBD_CDC_Setup                           0x08001e49   Thumb Code   106  usbd_cdc.o(i.USBD_CDC_Setup)
    i.USBD_CDC_TransmitPacket                0x08001eb8   Section        0  usbd_cdc.o(i.USBD_CDC_TransmitPacket)
    i.USBD_ClrClassConfig                    0x08001ee8   Section        0  usbd_core.o(i.USBD_ClrClassConfig)
    i.USBD_CtlContinueRx                     0x08001ef6   Section        0  usbd_ioreq.o(i.USBD_CtlContinueRx)
    i.USBD_CtlContinueSendData               0x08001f06   Section        0  usbd_ioreq.o(i.USBD_CtlContinueSendData)
    i.USBD_CtlError                          0x08001f16   Section        0  usbd_ctlreq.o(i.USBD_CtlError)
    i.USBD_CtlPrepareRx                      0x08001f2c   Section        0  usbd_ioreq.o(i.USBD_CtlPrepareRx)
    i.USBD_CtlReceiveStatus                  0x08001f4a   Section        0  usbd_ioreq.o(i.USBD_CtlReceiveStatus)
    i.USBD_CtlSendData                       0x08001f60   Section        0  usbd_ioreq.o(i.USBD_CtlSendData)
    i.USBD_CtlSendStatus                     0x08001f7a   Section        0  usbd_ioreq.o(i.USBD_CtlSendStatus)
    i.USBD_FS_ConfigStrDescriptor            0x08001f90   Section        0  usbd_desc.o(i.USBD_FS_ConfigStrDescriptor)
    i.USBD_FS_DeviceDescriptor               0x08001fb0   Section        0  usbd_desc.o(i.USBD_FS_DeviceDescriptor)
    i.USBD_FS_InterfaceStrDescriptor         0x08001fbc   Section        0  usbd_desc.o(i.USBD_FS_InterfaceStrDescriptor)
    i.USBD_FS_LangIDStrDescriptor            0x08001fe0   Section        0  usbd_desc.o(i.USBD_FS_LangIDStrDescriptor)
    i.USBD_FS_ManufacturerStrDescriptor      0x08001fec   Section        0  usbd_desc.o(i.USBD_FS_ManufacturerStrDescriptor)
    i.USBD_FS_ProductStrDescriptor           0x08002008   Section        0  usbd_desc.o(i.USBD_FS_ProductStrDescriptor)
    i.USBD_FS_SerialStrDescriptor            0x08002034   Section        0  usbd_desc.o(i.USBD_FS_SerialStrDescriptor)
    i.USBD_GetDescriptor                     0x08002058   Section        0  usbd_ctlreq.o(i.USBD_GetDescriptor)
    USBD_GetDescriptor                       0x08002059   Thumb Code   242  usbd_ctlreq.o(i.USBD_GetDescriptor)
    i.USBD_GetString                         0x0800214a   Section        0  usbd_ctlreq.o(i.USBD_GetString)
    i.USBD_Init                              0x08002190   Section        0  usbd_core.o(i.USBD_Init)
    i.USBD_LL_ClearStallEP                   0x080021ba   Section        0  usbd_conf.o(i.USBD_LL_ClearStallEP)
    i.USBD_LL_CloseEP                        0x080021da   Section        0  usbd_conf.o(i.USBD_LL_CloseEP)
    i.USBD_LL_DataInStage                    0x080021fa   Section        0  usbd_core.o(i.USBD_LL_DataInStage)
    i.USBD_LL_DataOutStage                   0x080022a4   Section        0  usbd_core.o(i.USBD_LL_DataOutStage)
    i.USBD_LL_GetRxDataSize                  0x0800230e   Section        0  usbd_conf.o(i.USBD_LL_GetRxDataSize)
    i.USBD_LL_Init                           0x08002318   Section        0  usbd_conf.o(i.USBD_LL_Init)
    i.USBD_LL_IsStallEP                      0x080023b8   Section        0  usbd_conf.o(i.USBD_LL_IsStallEP)
    i.USBD_LL_OpenEP                         0x080023d4   Section        0  usbd_conf.o(i.USBD_LL_OpenEP)
    i.USBD_LL_PrepareReceive                 0x080023fa   Section        0  usbd_conf.o(i.USBD_LL_PrepareReceive)
    i.USBD_LL_Reset                          0x0800241a   Section        0  usbd_core.o(i.USBD_LL_Reset)
    i.USBD_LL_Resume                         0x08002458   Section        0  usbd_core.o(i.USBD_LL_Resume)
    i.USBD_LL_SOF                            0x08002464   Section        0  usbd_core.o(i.USBD_LL_SOF)
    i.USBD_LL_SetSpeed                       0x0800247c   Section        0  usbd_core.o(i.USBD_LL_SetSpeed)
    i.USBD_LL_SetUSBAddress                  0x08002482   Section        0  usbd_conf.o(i.USBD_LL_SetUSBAddress)
    i.USBD_LL_SetupStage                     0x080024a2   Section        0  usbd_core.o(i.USBD_LL_SetupStage)
    i.USBD_LL_StallEP                        0x080024fc   Section        0  usbd_conf.o(i.USBD_LL_StallEP)
    i.USBD_LL_Start                          0x0800251c   Section        0  usbd_conf.o(i.USBD_LL_Start)
    i.USBD_LL_Suspend                        0x0800253c   Section        0  usbd_core.o(i.USBD_LL_Suspend)
    i.USBD_LL_Transmit                       0x0800254e   Section        0  usbd_conf.o(i.USBD_LL_Transmit)
    i.USBD_ParseSetupRequest                 0x0800256e   Section        0  usbd_ctlreq.o(i.USBD_ParseSetupRequest)
    i.USBD_RegisterClass                     0x08002596   Section        0  usbd_core.o(i.USBD_RegisterClass)
    i.USBD_SetClassConfig                    0x080025a6   Section        0  usbd_core.o(i.USBD_SetClassConfig)
    i.USBD_SetConfig                         0x080025bc   Section        0  usbd_ctlreq.o(i.USBD_SetConfig)
    USBD_SetConfig                           0x080025bd   Thumb Code   110  usbd_ctlreq.o(i.USBD_SetConfig)
    i.USBD_Start                             0x08002630   Section        0  usbd_core.o(i.USBD_Start)
    i.USBD_StdDevReq                         0x0800263a   Section        0  usbd_ctlreq.o(i.USBD_StdDevReq)
    i.USBD_StdEPReq                          0x0800272c   Section        0  usbd_ctlreq.o(i.USBD_StdEPReq)
    i.USBD_StdItfReq                         0x08002808   Section        0  usbd_ctlreq.o(i.USBD_StdItfReq)
    i.USBD_static_free                       0x0800283c   Section        0  usbd_conf.o(i.USBD_static_free)
    i.USBD_static_malloc                     0x08002840   Section        0  usbd_conf.o(i.USBD_static_malloc)
    i.USB_ActivateEndpoint                   0x08002848   Section        0  stm32f1xx_ll_usb.o(i.USB_ActivateEndpoint)
    i.USB_CoreInit                           0x08002aa4   Section        0  stm32f1xx_ll_usb.o(i.USB_CoreInit)
    i.USB_DeactivateEndpoint                 0x08002aa8   Section        0  stm32f1xx_ll_usb.o(i.USB_DeactivateEndpoint)
    i.USB_DevConnect                         0x08002bcc   Section        0  stm32f1xx_ll_usb.o(i.USB_DevConnect)
    i.USB_DevDisconnect                      0x08002bd0   Section        0  stm32f1xx_ll_usb.o(i.USB_DevDisconnect)
    i.USB_DevInit                            0x08002bd4   Section        0  stm32f1xx_ll_usb.o(i.USB_DevInit)
    i.USB_DisableGlobalInt                   0x08002be6   Section        0  stm32f1xx_ll_usb.o(i.USB_DisableGlobalInt)
    i.USB_EP0_OutStart                       0x08002bf4   Section        0  stm32f1xx_ll_usb.o(i.USB_EP0_OutStart)
    i.USB_EPClearStall                       0x08002bf8   Section        0  stm32f1xx_ll_usb.o(i.USB_EPClearStall)
    i.USB_EPSetStall                         0x08002c62   Section        0  stm32f1xx_ll_usb.o(i.USB_EPSetStall)
    i.USB_EPStartXfer                        0x08002cac   Section        0  stm32f1xx_ll_usb.o(i.USB_EPStartXfer)
    i.USB_EnableGlobalInt                    0x08002e56   Section        0  stm32f1xx_ll_usb.o(i.USB_EnableGlobalInt)
    i.USB_LP_CAN1_RX0_IRQHandler             0x08002e64   Section        0  stm32f1xx_it.o(i.USB_LP_CAN1_RX0_IRQHandler)
    i.USB_ReadInterrupts                     0x08002e70   Section        0  stm32f1xx_ll_usb.o(i.USB_ReadInterrupts)
    i.USB_ReadPMA                            0x08002e78   Section        0  stm32f1xx_ll_usb.o(i.USB_ReadPMA)
    i.USB_SetCurrentMode                     0x08002e96   Section        0  stm32f1xx_ll_usb.o(i.USB_SetCurrentMode)
    i.USB_SetDevAddress                      0x08002e9a   Section        0  stm32f1xx_ll_usb.o(i.USB_SetDevAddress)
    i.USB_WritePMA                           0x08002ea6   Section        0  stm32f1xx_ll_usb.o(i.USB_WritePMA)
    i.UsageFault_Handler                     0x08002ecc   Section        0  stm32f1xx_it.o(i.UsageFault_Handler)
    i._Error_Handler                         0x08002ece   Section        0  main.o(i._Error_Handler)
    i.__0sprintf$bare                        0x08002ed0   Section        0  printfb.o(i.__0sprintf$bare)
    i.__scatterload_copy                     0x08002ef4   Section       14  handlers.o(i.__scatterload_copy)
    i.__scatterload_null                     0x08002f02   Section        2  handlers.o(i.__scatterload_null)
    i.__scatterload_zeroinit                 0x08002f04   Section       14  handlers.o(i.__scatterload_zeroinit)
    i._printf_core                           0x08002f12   Section        0  printfb.o(i._printf_core)
    _printf_core                             0x08002f13   Thumb Code    34  printfb.o(i._printf_core)
    i._sputc                                 0x08002f34   Section        0  printfb.o(i._sputc)
    _sputc                                   0x08002f35   Thumb Code    10  printfb.o(i._sputc)
    i.lightsTask                             0x08002f3e   Section        0  freertos.o(i.lightsTask)
    i.main                                   0x08002f4a   Section        0  main.o(i.main)
    i.makeFreeRtosPriority                   0x08002f64   Section        0  cmsis_os.o(i.makeFreeRtosPriority)
    makeFreeRtosPriority                     0x08002f65   Thumb Code    12  cmsis_os.o(i.makeFreeRtosPriority)
    i.osDelay                                0x08002f70   Section        0  cmsis_os.o(i.osDelay)
    i.osKernelStart                          0x08002f7e   Section        0  cmsis_os.o(i.osKernelStart)
    i.osSystickHandler                       0x08002f88   Section        0  cmsis_os.o(i.osSystickHandler)
    i.osThreadCreate                         0x08002f9c   Section        0  cmsis_os.o(i.osThreadCreate)
    i.prvAddCurrentTaskToDelayedList         0x08002fd4   Section        0  tasks.o(i.prvAddCurrentTaskToDelayedList)
    prvAddCurrentTaskToDelayedList           0x08002fd5   Thumb Code    48  tasks.o(i.prvAddCurrentTaskToDelayedList)
    i.prvCheckTasksWaitingTermination        0x08003008   Section        0  tasks.o(i.prvCheckTasksWaitingTermination)
    prvCheckTasksWaitingTermination          0x08003009   Thumb Code    76  tasks.o(i.prvCheckTasksWaitingTermination)
    i.prvHeapInit                            0x0800305c   Section        0  heap_4.o(i.prvHeapInit)
    prvHeapInit                              0x0800305d   Thumb Code    66  heap_4.o(i.prvHeapInit)
    i.prvIdleTask                            0x080030a8   Section        0  tasks.o(i.prvIdleTask)
    prvIdleTask                              0x080030a9   Thumb Code    20  tasks.o(i.prvIdleTask)
    i.prvInsertBlockIntoFreeList             0x080030c0   Section        0  heap_4.o(i.prvInsertBlockIntoFreeList)
    prvInsertBlockIntoFreeList               0x080030c1   Thumb Code    72  heap_4.o(i.prvInsertBlockIntoFreeList)
    i.prvResetNextTaskUnblockTime            0x0800310c   Section        0  tasks.o(i.prvResetNextTaskUnblockTime)
    prvResetNextTaskUnblockTime              0x0800310d   Thumb Code    26  tasks.o(i.prvResetNextTaskUnblockTime)
    i.prvTaskExitError                       0x0800312c   Section        0  port.o(i.prvTaskExitError)
    prvTaskExitError                         0x0800312d   Thumb Code    20  port.o(i.prvTaskExitError)
    i.pvPortMalloc                           0x08003144   Section        0  heap_4.o(i.pvPortMalloc)
    i.pxPortInitialiseStack                  0x08003200   Section        0  port.o(i.pxPortInitialiseStack)
    i.uxListRemove                           0x08003220   Section        0  list.o(i.uxListRemove)
    i.vListInitialise                        0x08003244   Section        0  list.o(i.vListInitialise)
    i.vListInitialiseItem                    0x0800325a   Section        0  list.o(i.vListInitialiseItem)
    i.vListInsert                            0x08003260   Section        0  list.o(i.vListInsert)
    i.vListInsertEnd                         0x08003290   Section        0  list.o(i.vListInsertEnd)
    i.vPortEnterCritical                     0x080032a8   Section        0  port.o(i.vPortEnterCritical)
    i.vPortExitCritical                      0x080032dc   Section        0  port.o(i.vPortExitCritical)
    i.vPortFree                              0x08003300   Section        0  heap_4.o(i.vPortFree)
    i.vPortSetupTimerInterrupt               0x08003348   Section        0  port.o(i.vPortSetupTimerInterrupt)
    i.vPortYield                             0x08003368   Section        0  port.o(i.vPortYield)
    i.vTaskDelay                             0x08003380   Section        0  tasks.o(i.vTaskDelay)
    i.vTaskStartScheduler                    0x080033d0   Section        0  tasks.o(i.vTaskStartScheduler)
    i.vTaskSuspendAll                        0x08003424   Section        0  tasks.o(i.vTaskSuspendAll)
    i.vTaskSwitchContext                     0x08003434   Section        0  tasks.o(i.vTaskSwitchContext)
    i.xPortStartScheduler                    0x08003488   Section        0  port.o(i.xPortStartScheduler)
    i.xPortSysTickHandler                    0x080034fc   Section        0  port.o(i.xPortSysTickHandler)
    i.xTaskGenericCreate                     0x08003520   Section        0  tasks.o(i.xTaskGenericCreate)
    i.xTaskGetSchedulerState                 0x0800369c   Section        0  tasks.o(i.xTaskGetSchedulerState)
    i.xTaskIncrementTick                     0x080036b8   Section        0  tasks.o(i.xTaskIncrementTick)
    i.xTaskResumeAll                         0x08003778   Section        0  tasks.o(i.xTaskResumeAll)
    .constdata                               0x08003824   Section       40  freertos.o(.constdata)
    .constdata                               0x0800384c   Section       16  system_stm32f1xx.o(.constdata)
    .conststring                             0x0800385c   Section       24  freertos.o(.conststring)
    .data                                    0x20000000   Section        8  freertos.o(.data)
    .data                                    0x20000008   Section       28  usbd_desc.o(.data)
    .data                                    0x20000024   Section       22  usbd_desc.o(.data)
    .data                                    0x2000003c   Section       16  usbd_cdc_if.o(.data)
    .data                                    0x2000004c   Section        8  usbd_cdc_if.o(.data)
    .data                                    0x20000054   Section       56  tasks.o(.data)
    uxTasksDeleted                           0x20000058   Data           4  tasks.o(.data)
    uxCurrentNumberOfTasks                   0x2000005c   Data           4  tasks.o(.data)
    xTickCount                               0x20000060   Data           4  tasks.o(.data)
    uxTopReadyPriority                       0x20000064   Data           4  tasks.o(.data)
    xSchedulerRunning                        0x20000068   Data           4  tasks.o(.data)
    uxPendedTicks                            0x2000006c   Data           4  tasks.o(.data)
    xYieldPending                            0x20000070   Data           4  tasks.o(.data)
    xNumOfOverflows                          0x20000074   Data           4  tasks.o(.data)
    uxTaskNumber                             0x20000078   Data           4  tasks.o(.data)
    xNextTaskUnblockTime                     0x2000007c   Data           4  tasks.o(.data)
    uxSchedulerSuspended                     0x20000080   Data           4  tasks.o(.data)
    pxDelayedTaskList                        0x20000084   Data           4  tasks.o(.data)
    pxOverflowDelayedTaskList                0x20000088   Data           4  tasks.o(.data)
    .data                                    0x2000008c   Section       24  heap_4.o(.data)
    pxEnd                                    0x2000008c   Data           4  heap_4.o(.data)
    xFreeBytesRemaining                      0x20000090   Data           4  heap_4.o(.data)
    xMinimumEverFreeBytesRemaining           0x20000094   Data           4  heap_4.o(.data)
    xBlockAllocatedBit                       0x20000098   Data           4  heap_4.o(.data)
    xStart                                   0x2000009c   Data           8  heap_4.o(.data)
    .data                                    0x200000a4   Section       12  port.o(.data)
    ucMaxSysCallPriority                     0x200000a4   Data           1  port.o(.data)
    uxCriticalNesting                        0x200000a8   Data           4  port.o(.data)
    ulMaxPRIGROUPValue                       0x200000ac   Data           4  port.o(.data)
    .data                                    0x200000b0   Section        4  stm32f1xx_hal.o(.data)
    uwTick                                   0x200000b0   Data           4  stm32f1xx_hal.o(.data)
    .data                                    0x200000b4   Section      219  usbd_cdc.o(.data)
    ifalt                                    0x200000b4   Data           1  usbd_cdc.o(.data)
    USBD_CDC_DeviceQualifierDesc             0x200000b8   Data          10  usbd_cdc.o(.data)
    .data                                    0x20000190   Section       60  usbd_cdc.o(.data)
    .data                                    0x200001cc   Section        1  usbd_ctlreq.o(.data)
    cfgidx                                   0x200001cc   Data           1  usbd_ctlreq.o(.data)
    .data                                    0x200001d0   Section        4  system_stm32f1xx.o(.data)
    .bss                                     0x200001d4   Section      548  usb_device.o(.bss)
    .bss                                     0x200003f8   Section      512  usbd_desc.o(.bss)
    .bss                                     0x200005f8   Section       60  tim.o(.bss)
    .bss                                     0x20000634   Section     1600  usbd_conf.o(.bss)
    mem                                      0x20000634   Data         544  usbd_conf.o(.bss)
    .bss                                     0x20000c74   Section      240  tasks.o(.bss)
    pxReadyTasksLists                        0x20000c74   Data         140  tasks.o(.bss)
    xDelayedTaskList1                        0x20000d00   Data          20  tasks.o(.bss)
    xDelayedTaskList2                        0x20000d14   Data          20  tasks.o(.bss)
    xPendingReadyList                        0x20000d28   Data          20  tasks.o(.bss)
    xTasksWaitingTermination                 0x20000d3c   Data          20  tasks.o(.bss)
    xSuspendedTaskList                       0x20000d50   Data          20  tasks.o(.bss)
    .bss                                     0x20000d64   Section     3072  heap_4.o(.bss)
    ucHeap                                   0x20000d64   Data        3072  heap_4.o(.bss)
    STACK                                    0x20001968   Section     1024  startup_stm32f103xb.o(STACK)

    Global Symbols

    Symbol Name                              Value     Ov Type        Size  Object(Section)

    BuildAttributes$$THM_ISAv4$P$D$K$B$S$PE$A:L22UL41UL21$X:L11$S22US41US21$IEEE1$IW$USESV6$~STKCKD$USESV7$~SHL$OSPACE$ROPI$EBA8$MICROLIB$REQ8$PRES8$EABIv2 0x00000000   Number         0  anon$$obj.o ABSOLUTE
    __ARM_use_no_argv                        0x00000000   Number         0  main.o ABSOLUTE
    __cpp_initialize__aeabi_                  - Undefined Weak Reference
    __cxa_finalize                            - Undefined Weak Reference
    _clock_init                               - Undefined Weak Reference
    _microlib_exit                            - Undefined Weak Reference
    __Vectors_Size                           0x000000ec   Number         0  startup_stm32f103xb.o ABSOLUTE
    __Vectors                                0x08000000   Data           4  startup_stm32f103xb.o(RESET)
    __Vectors_End                            0x080000ec   Data           0  startup_stm32f103xb.o(RESET)
    __main                                   0x080000ed   Thumb Code     0  entry.o(.ARM.Collect$$$$00000000)
    _main_stk                                0x080000ed   Thumb Code     0  entry2.o(.ARM.Collect$$$$00000001)
    _main_scatterload                        0x080000f1   Thumb Code     0  entry5.o(.ARM.Collect$$$$00000004)
    __main_after_scatterload                 0x080000f5   Thumb Code     0  entry5.o(.ARM.Collect$$$$00000004)
    _main_clock                              0x080000f5   Thumb Code     0  entry7b.o(.ARM.Collect$$$$00000008)
    _main_cpp_init                           0x080000f5   Thumb Code     0  entry8b.o(.ARM.Collect$$$$0000000A)
    _main_init                               0x080000f5   Thumb Code     0  entry9a.o(.ARM.Collect$$$$0000000B)
    __rt_final_cpp                           0x080000fd   Thumb Code     0  entry10a.o(.ARM.Collect$$$$0000000D)
    __rt_final_exit                          0x080000fd   Thumb Code     0  entry11a.o(.ARM.Collect$$$$0000000F)
    SVC_Handler                              0x08000101   Thumb Code    32  port.o(.emb_text)
    __asm___6_port_c_39a90d8d__prvStartFirstTask 0x08000125   Thumb Code    28  port.o(.emb_text)
    PendSV_Handler                           0x08000145   Thumb Code    64  port.o(.emb_text)
    ulPortSetInterruptMask                   0x08000189   Thumb Code    14  port.o(.emb_text)
    vPortClearInterruptMask                  0x08000197   Thumb Code     6  port.o(.emb_text)
    vPortGetIPSR                             0x0800019d   Thumb Code     6  port.o(.emb_text)
    Reset_Handler                            0x080001a5   Thumb Code     8  startup_stm32f103xb.o(.text)
    ADC1_2_IRQHandler                        0x080001bf   Thumb Code     0  startup_stm32f103xb.o(.text)
    CAN1_RX1_IRQHandler                      0x080001bf   Thumb Code     0  startup_stm32f103xb.o(.text)
    CAN1_SCE_IRQHandler                      0x080001bf   Thumb Code     0  startup_stm32f103xb.o(.text)
    DMA1_Channel1_IRQHandler                 0x080001bf   Thumb Code     0  startup_stm32f103xb.o(.text)
    DMA1_Channel2_IRQHandler                 0x080001bf   Thumb Code     0  startup_stm32f103xb.o(.text)
    DMA1_Channel3_IRQHandler                 0x080001bf   Thumb Code     0  startup_stm32f103xb.o(.text)
    DMA1_Channel4_IRQHandler                 0x080001bf   Thumb Code     0  startup_stm32f103xb.o(.text)
    DMA1_Channel5_IRQHandler                 0x080001bf   Thumb Code     0  startup_stm32f103xb.o(.text)
    DMA1_Channel6_IRQHandler                 0x080001bf   Thumb Code     0  startup_stm32f103xb.o(.text)
    DMA1_Channel7_IRQHandler                 0x080001bf   Thumb Code     0  startup_stm32f103xb.o(.text)
    EXTI0_IRQHandler                         0x080001bf   Thumb Code     0  startup_stm32f103xb.o(.text)
    EXTI15_10_IRQHandler                     0x080001bf   Thumb Code     0  startup_stm32f103xb.o(.text)
    EXTI1_IRQHandler                         0x080001bf   Thumb Code     0  startup_stm32f103xb.o(.text)
    EXTI2_IRQHandler                         0x080001bf   Thumb Code     0  startup_stm32f103xb.o(.text)
    EXTI3_IRQHandler                         0x080001bf   Thumb Code     0  startup_stm32f103xb.o(.text)
    EXTI4_IRQHandler                         0x080001bf   Thumb Code     0  startup_stm32f103xb.o(.text)
    EXTI9_5_IRQHandler                       0x080001bf   Thumb Code     0  startup_stm32f103xb.o(.text)
    FLASH_IRQHandler                         0x080001bf   Thumb Code     0  startup_stm32f103xb.o(.text)
    I2C1_ER_IRQHandler                       0x080001bf   Thumb Code     0  startup_stm32f103xb.o(.text)
    I2C1_EV_IRQHandler                       0x080001bf   Thumb Code     0  startup_stm32f103xb.o(.text)
    I2C2_ER_IRQHandler                       0x080001bf   Thumb Code     0  startup_stm32f103xb.o(.text)
    I2C2_EV_IRQHandler                       0x080001bf   Thumb Code     0  startup_stm32f103xb.o(.text)
    PVD_IRQHandler                           0x080001bf   Thumb Code     0  startup_stm32f103xb.o(.text)
    RCC_IRQHandler                           0x080001bf   Thumb Code     0  startup_stm32f103xb.o(.text)
    RTC_Alarm_IRQHandler                     0x080001bf   Thumb Code     0  startup_stm32f103xb.o(.text)
    RTC_IRQHandler                           0x080001bf   Thumb Code     0  startup_stm32f103xb.o(.text)
    SPI1_IRQHandler                          0x080001bf   Thumb Code     0  startup_stm32f103xb.o(.text)
    SPI2_IRQHandler                          0x080001bf   Thumb Code     0  startup_stm32f103xb.o(.text)
    TAMPER_IRQHandler                        0x080001bf   Thumb Code     0  startup_stm32f103xb.o(.text)
    TIM1_BRK_IRQHandler                      0x080001bf   Thumb Code     0  startup_stm32f103xb.o(.text)
    TIM1_CC_IRQHandler                       0x080001bf   Thumb Code     0  startup_stm32f103xb.o(.text)
    TIM1_TRG_COM_IRQHandler                  0x080001bf   Thumb Code     0  startup_stm32f103xb.o(.text)
    TIM1_UP_IRQHandler                       0x080001bf   Thumb Code     0  startup_stm32f103xb.o(.text)
    TIM2_IRQHandler                          0x080001bf   Thumb Code     0  startup_stm32f103xb.o(.text)
    TIM3_IRQHandler                          0x080001bf   Thumb Code     0  startup_stm32f103xb.o(.text)
    TIM4_IRQHandler                          0x080001bf   Thumb Code     0  startup_stm32f103xb.o(.text)
    USART1_IRQHandler                        0x080001bf   Thumb Code     0  startup_stm32f103xb.o(.text)
    USART2_IRQHandler                        0x080001bf   Thumb Code     0  startup_stm32f103xb.o(.text)
    USART3_IRQHandler                        0x080001bf   Thumb Code     0  startup_stm32f103xb.o(.text)
    USBWakeUp_IRQHandler                     0x080001bf   Thumb Code     0  startup_stm32f103xb.o(.text)
    USB_HP_CAN1_TX_IRQHandler                0x080001bf   Thumb Code     0  startup_stm32f103xb.o(.text)
    WWDG_IRQHandler                          0x080001bf   Thumb Code     0  startup_stm32f103xb.o(.text)
    __aeabi_memcpy                           0x080001c9   Thumb Code    36  memcpya.o(.text)
    __aeabi_memcpy4                          0x080001c9   Thumb Code     0  memcpya.o(.text)
    __aeabi_memcpy8                          0x080001c9   Thumb Code     0  memcpya.o(.text)
    strlen                                   0x080001ed   Thumb Code    14  strlen.o(.text)
    __scatterload                            0x080001fd   Thumb Code    28  init.o(.text)
    __scatterload_rt2                        0x080001fd   Thumb Code     0  init.o(.text)
    __decompress                             0x08000221   Thumb Code     0  __dczerorl2.o(.text)
    __decompress1                            0x08000221   Thumb Code    86  __dczerorl2.o(.text)
    BusFault_Handler                         0x08000277   Thumb Code     2  stm32f1xx_it.o(i.BusFault_Handler)
    CDC_Transmit_FS                          0x080002bd   Thumb Code    38  usbd_cdc_if.o(i.CDC_Transmit_FS)
    DebugMon_Handler                         0x080002e9   Thumb Code     2  stm32f1xx_it.o(i.DebugMon_Handler)
    HAL_Delay                                0x080002eb   Thumb Code    22  stm32f1xx_hal.o(i.HAL_Delay)
    HAL_GPIO_Init                            0x08000301   Thumb Code   408  stm32f1xx_hal_gpio.o(i.HAL_GPIO_Init)
    HAL_GPIO_ReadPin                         0x080004bd   Thumb Code    10  stm32f1xx_hal_gpio.o(i.HAL_GPIO_ReadPin)
    HAL_GPIO_WritePin                        0x080004c7   Thumb Code    10  stm32f1xx_hal_gpio.o(i.HAL_GPIO_WritePin)
    HAL_GetTick                              0x080004d1   Thumb Code     6  stm32f1xx_hal.o(i.HAL_GetTick)
    HAL_IncTick                              0x080004dd   Thumb Code    10  stm32f1xx_hal.o(i.HAL_IncTick)
    HAL_Init                                 0x080004ed   Thumb Code    32  stm32f1xx_hal.o(i.HAL_Init)
    HAL_InitTick                             0x08000511   Thumb Code    34  stm32f1xx_hal.o(i.HAL_InitTick)
    HAL_MspInit                              0x08000535   Thumb Code   118  stm32f1xx_hal_msp.o(i.HAL_MspInit)
    HAL_NVIC_EnableIRQ                       0x080005b5   Thumb Code    22  stm32f1xx_hal_cortex.o(i.HAL_NVIC_EnableIRQ)
    HAL_NVIC_SetPriority                     0x080005cd   Thumb Code    60  stm32f1xx_hal_cortex.o(i.HAL_NVIC_SetPriority)
    HAL_NVIC_SetPriorityGrouping             0x0800060d   Thumb Code    26  stm32f1xx_hal_cortex.o(i.HAL_NVIC_SetPriorityGrouping)
    HAL_PCDEx_PMAConfig                      0x08000631   Thumb Code    52  stm32f1xx_hal_pcd_ex.o(i.HAL_PCDEx_PMAConfig)
    HAL_PCDEx_SetConnectionState             0x08000665   Thumb Code     2  usbd_conf.o(i.HAL_PCDEx_SetConnectionState)
    HAL_PCD_DataInStageCallback              0x08000667   Thumb Code    14  usbd_conf.o(i.HAL_PCD_DataInStageCallback)
    HAL_PCD_DataOutStageCallback             0x08000675   Thumb Code    16  usbd_conf.o(i.HAL_PCD_DataOutStageCallback)
    HAL_PCD_EP_Close                         0x08000685   Thumb Code    64  stm32f1xx_hal_pcd.o(i.HAL_PCD_EP_Close)
    HAL_PCD_EP_ClrStall                      0x080006c5   Thumb Code    72  stm32f1xx_hal_pcd.o(i.HAL_PCD_EP_ClrStall)
    HAL_PCD_EP_GetRxCount                    0x0800070d   Thumb Code    16  stm32f1xx_hal_pcd.o(i.HAL_PCD_EP_GetRxCount)
    HAL_PCD_EP_Open                          0x0800071d   Thumb Code    68  stm32f1xx_hal_pcd.o(i.HAL_PCD_EP_Open)
    HAL_PCD_EP_Receive                       0x08000761   Thumb Code    64  stm32f1xx_hal_pcd.o(i.HAL_PCD_EP_Receive)
    HAL_PCD_EP_SetStall                      0x080007a1   Thumb Code    86  stm32f1xx_hal_pcd.o(i.HAL_PCD_EP_SetStall)
    HAL_PCD_EP_Transmit                      0x080007f7   Thumb Code    62  stm32f1xx_hal_pcd.o(i.HAL_PCD_EP_Transmit)
    HAL_PCD_IRQHandler                       0x08000835   Thumb Code   266  stm32f1xx_hal_pcd.o(i.HAL_PCD_IRQHandler)
    HAL_PCD_Init                             0x08000941   Thumb Code   192  stm32f1xx_hal_pcd.o(i.HAL_PCD_Init)
    HAL_PCD_MspInit                          0x08000a01   Thumb Code    50  usbd_conf.o(i.HAL_PCD_MspInit)
    HAL_PCD_ResetCallback                    0x08000a3d   Thumb Code    26  usbd_conf.o(i.HAL_PCD_ResetCallback)
    HAL_PCD_ResumeCallback                   0x08000a57   Thumb Code     8  usbd_conf.o(i.HAL_PCD_ResumeCallback)
    HAL_PCD_SOFCallback                      0x08000a5f   Thumb Code     8  usbd_conf.o(i.HAL_PCD_SOFCallback)
    HAL_PCD_SetAddress                       0x08000a67   Thumb Code    40  stm32f1xx_hal_pcd.o(i.HAL_PCD_SetAddress)
    HAL_PCD_SetupStageCallback               0x08000a8f   Thumb Code    14  usbd_conf.o(i.HAL_PCD_SetupStageCallback)
    HAL_PCD_Start                            0x08000a9d   Thumb Code    50  stm32f1xx_hal_pcd.o(i.HAL_PCD_Start)
    HAL_PCD_SuspendCallback                  0x08000ad1   Thumb Code    30  usbd_conf.o(i.HAL_PCD_SuspendCallback)
    HAL_RCCEx_PeriphCLKConfig                0x08000af5   Thumb Code   288  stm32f1xx_hal_rcc_ex.o(i.HAL_RCCEx_PeriphCLKConfig)
    HAL_RCC_ClockConfig                      0x08000c21   Thumb Code   374  stm32f1xx_hal_rcc.o(i.HAL_RCC_ClockConfig)
    HAL_RCC_GetHCLKFreq                      0x08000da9   Thumb Code     6  stm32f1xx_hal_rcc.o(i.HAL_RCC_GetHCLKFreq)
    HAL_RCC_GetSysClockFreq                  0x08000db5   Thumb Code   102  stm32f1xx_hal_rcc.o(i.HAL_RCC_GetSysClockFreq)
    HAL_RCC_OscConfig                        0x08000e3d   Thumb Code  1406  stm32f1xx_hal_rcc.o(i.HAL_RCC_OscConfig)
    HAL_SYSTICK_CLKSourceConfig              0x080013bb   Thumb Code    24  stm32f1xx_hal_cortex.o(i.HAL_SYSTICK_CLKSourceConfig)
    HAL_SYSTICK_Config                       0x080013d3   Thumb Code    40  stm32f1xx_hal_cortex.o(i.HAL_SYSTICK_Config)
    HAL_TIMEx_MasterConfigSynchronization    0x080013fb   Thumb Code    80  stm32f1xx_hal_tim_ex.o(i.HAL_TIMEx_MasterConfigSynchronization)
    HAL_TIM_Base_Init                        0x0800144b   Thumb Code    54  stm32f1xx_hal_tim.o(i.HAL_TIM_Base_Init)
    HAL_TIM_Base_MspInit                     0x08001481   Thumb Code    30  tim.o(i.HAL_TIM_Base_MspInit)
    HAL_TIM_ConfigClockSource                0x080014a9   Thumb Code   242  stm32f1xx_hal_tim.o(i.HAL_TIM_ConfigClockSource)
    HardFault_Handler                        0x0800159b   Thumb Code     2  stm32f1xx_it.o(i.HardFault_Handler)
    MX_FREERTOS_Init                         0x0800159d   Thumb Code    52  freertos.o(i.MX_FREERTOS_Init)
    MX_GPIO_Init                             0x080015d9   Thumb Code   108  gpio.o(i.MX_GPIO_Init)
    MX_TIM1_Init                             0x08001651   Thumb Code    88  tim.o(i.MX_TIM1_Init)
    MX_USB_DEVICE_Init                       0x080016c1   Thumb Code    38  usb_device.o(i.MX_USB_DEVICE_Init)
    MemManage_Handler                        0x080016f9   Thumb Code     2  stm32f1xx_it.o(i.MemManage_Handler)
    NMI_Handler                              0x080016fb   Thumb Code     2  stm32f1xx_it.o(i.NMI_Handler)
    StartDefaultTask                         0x08001a81   Thumb Code   108  freertos.o(i.StartDefaultTask)
    SysTick_Handler                          0x08001afd   Thumb Code    14  stm32f1xx_it.o(i.SysTick_Handler)
    SystemClock_Config                       0x08001b0b   Thumb Code   120  main.o(i.SystemClock_Config)
    SystemInit                               0x08001b85   Thumb Code    56  system_stm32f1xx.o(i.SystemInit)
    TIM_Base_SetConfig                       0x08001bcd   Thumb Code    86  stm32f1xx_hal_tim.o(i.TIM_Base_SetConfig)
    USBD_CDC_GetDeviceQualifierDescriptor    0x08001d3d   Thumb Code     8  usbd_cdc.o(i.USBD_CDC_GetDeviceQualifierDescriptor)
    USBD_CDC_ReceivePacket                   0x08001df5   Thumb Code    40  usbd_cdc.o(i.USBD_CDC_ReceivePacket)
    USBD_CDC_RegisterInterface               0x08001e1d   Thumb Code    16  usbd_cdc.o(i.USBD_CDC_RegisterInterface)
    USBD_CDC_SetRxBuffer                     0x08001e2d   Thumb Code    12  usbd_cdc.o(i.USBD_CDC_SetRxBuffer)
    USBD_CDC_SetTxBuffer                     0x08001e39   Thumb Code    16  usbd_cdc.o(i.USBD_CDC_SetTxBuffer)
    USBD_CDC_TransmitPacket                  0x08001eb9   Thumb Code    48  usbd_cdc.o(i.USBD_CDC_TransmitPacket)
    USBD_ClrClassConfig                      0x08001ee9   Thumb Code    14  usbd_core.o(i.USBD_ClrClassConfig)
    USBD_CtlContinueRx                       0x08001ef7   Thumb Code    16  usbd_ioreq.o(i.USBD_CtlContinueRx)
    USBD_CtlContinueSendData                 0x08001f07   Thumb Code    16  usbd_ioreq.o(i.USBD_CtlContinueSendData)
    USBD_CtlError                            0x08001f17   Thumb Code    22  usbd_ctlreq.o(i.USBD_CtlError)
    USBD_CtlPrepareRx                        0x08001f2d   Thumb Code    30  usbd_ioreq.o(i.USBD_CtlPrepareRx)
    USBD_CtlReceiveStatus                    0x08001f4b   Thumb Code    22  usbd_ioreq.o(i.USBD_CtlReceiveStatus)
    USBD_CtlSendData                         0x08001f61   Thumb Code    26  usbd_ioreq.o(i.USBD_CtlSendData)
    USBD_CtlSendStatus                       0x08001f7b   Thumb Code    22  usbd_ioreq.o(i.USBD_CtlSendStatus)
    USBD_FS_ConfigStrDescriptor              0x08001f91   Thumb Code    16  usbd_desc.o(i.USBD_FS_ConfigStrDescriptor)
    USBD_FS_DeviceDescriptor                 0x08001fb1   Thumb Code     8  usbd_desc.o(i.USBD_FS_DeviceDescriptor)
    USBD_FS_InterfaceStrDescriptor           0x08001fbd   Thumb Code    16  usbd_desc.o(i.USBD_FS_InterfaceStrDescriptor)
    USBD_FS_LangIDStrDescriptor              0x08001fe1   Thumb Code     8  usbd_desc.o(i.USBD_FS_LangIDStrDescriptor)
    USBD_FS_ManufacturerStrDescriptor        0x08001fed   Thumb Code    16  usbd_desc.o(i.USBD_FS_ManufacturerStrDescriptor)
    USBD_FS_ProductStrDescriptor             0x08002009   Thumb Code    16  usbd_desc.o(i.USBD_FS_ProductStrDescriptor)
    USBD_FS_SerialStrDescriptor              0x08002035   Thumb Code    16  usbd_desc.o(i.USBD_FS_SerialStrDescriptor)
    USBD_GetString                           0x0800214b   Thumb Code    70  usbd_ctlreq.o(i.USBD_GetString)
    USBD_Init                                0x08002191   Thumb Code    42  usbd_core.o(i.USBD_Init)
    USBD_LL_ClearStallEP                     0x080021bb   Thumb Code    32  usbd_conf.o(i.USBD_LL_ClearStallEP)
    USBD_LL_CloseEP                          0x080021db   Thumb Code    32  usbd_conf.o(i.USBD_LL_CloseEP)
    USBD_LL_DataInStage                      0x080021fb   Thumb Code   170  usbd_core.o(i.USBD_LL_DataInStage)
    USBD_LL_DataOutStage                     0x080022a5   Thumb Code   106  usbd_core.o(i.USBD_LL_DataOutStage)
    USBD_LL_GetRxDataSize                    0x0800230f   Thumb Code     8  usbd_conf.o(i.USBD_LL_GetRxDataSize)
    USBD_LL_Init                             0x08002319   Thumb Code   130  usbd_conf.o(i.USBD_LL_Init)
    USBD_LL_IsStallEP                        0x080023b9   Thumb Code    28  usbd_conf.o(i.USBD_LL_IsStallEP)
    USBD_LL_OpenEP                           0x080023d5   Thumb Code    38  usbd_conf.o(i.USBD_LL_OpenEP)
    USBD_LL_PrepareReceive                   0x080023fb   Thumb Code    32  usbd_conf.o(i.USBD_LL_PrepareReceive)
    USBD_LL_Reset                            0x0800241b   Thumb Code    62  usbd_core.o(i.USBD_LL_Reset)
    USBD_LL_Resume                           0x08002459   Thumb Code    12  usbd_core.o(i.USBD_LL_Resume)
    USBD_LL_SOF                              0x08002465   Thumb Code    24  usbd_core.o(i.USBD_LL_SOF)
    USBD_LL_SetSpeed                         0x0800247d   Thumb Code     6  usbd_core.o(i.USBD_LL_SetSpeed)
    USBD_LL_SetUSBAddress                    0x08002483   Thumb Code    32  usbd_conf.o(i.USBD_LL_SetUSBAddress)
    USBD_LL_SetupStage                       0x080024a3   Thumb Code    90  usbd_core.o(i.USBD_LL_SetupStage)
    USBD_LL_StallEP                          0x080024fd   Thumb Code    32  usbd_conf.o(i.USBD_LL_StallEP)
    USBD_LL_Start                            0x0800251d   Thumb Code    32  usbd_conf.o(i.USBD_LL_Start)
    USBD_LL_Suspend                          0x0800253d   Thumb Code    18  usbd_core.o(i.USBD_LL_Suspend)
    USBD_LL_Transmit                         0x0800254f   Thumb Code    32  usbd_conf.o(i.USBD_LL_Transmit)
    USBD_ParseSetupRequest                   0x0800256f   Thumb Code    40  usbd_ctlreq.o(i.USBD_ParseSetupRequest)
    USBD_RegisterClass                       0x08002597   Thumb Code    16  usbd_core.o(i.USBD_RegisterClass)
    USBD_SetClassConfig                      0x080025a7   Thumb Code    22  usbd_core.o(i.USBD_SetClassConfig)
    USBD_Start                               0x08002631   Thumb Code    10  usbd_core.o(i.USBD_Start)
    USBD_StdDevReq                           0x0800263b   Thumb Code   242  usbd_ctlreq.o(i.USBD_StdDevReq)
    USBD_StdEPReq                            0x0800272d   Thumb Code   220  usbd_ctlreq.o(i.USBD_StdEPReq)
    USBD_StdItfReq                           0x08002809   Thumb Code    52  usbd_ctlreq.o(i.USBD_StdItfReq)
    USBD_static_free                         0x0800283d   Thumb Code     2  usbd_conf.o(i.USBD_static_free)
    USBD_static_malloc                       0x08002841   Thumb Code     4  usbd_conf.o(i.USBD_static_malloc)
    USB_ActivateEndpoint                     0x08002849   Thumb Code   604  stm32f1xx_ll_usb.o(i.USB_ActivateEndpoint)
    USB_CoreInit                             0x08002aa5   Thumb Code     4  stm32f1xx_ll_usb.o(i.USB_CoreInit)
    USB_DeactivateEndpoint                   0x08002aa9   Thumb Code   292  stm32f1xx_ll_usb.o(i.USB_DeactivateEndpoint)
    USB_DevConnect                           0x08002bcd   Thumb Code     4  stm32f1xx_ll_usb.o(i.USB_DevConnect)
    USB_DevDisconnect                        0x08002bd1   Thumb Code     4  stm32f1xx_ll_usb.o(i.USB_DevDisconnect)
    USB_DevInit                              0x08002bd5   Thumb Code    18  stm32f1xx_ll_usb.o(i.USB_DevInit)
    USB_DisableGlobalInt                     0x08002be7   Thumb Code    14  stm32f1xx_ll_usb.o(i.USB_DisableGlobalInt)
    USB_EP0_OutStart                         0x08002bf5   Thumb Code     4  stm32f1xx_ll_usb.o(i.USB_EP0_OutStart)
    USB_EPClearStall                         0x08002bf9   Thumb Code   106  stm32f1xx_ll_usb.o(i.USB_EPClearStall)
    USB_EPSetStall                           0x08002c63   Thumb Code    74  stm32f1xx_ll_usb.o(i.USB_EPSetStall)
    USB_EPStartXfer                          0x08002cad   Thumb Code   426  stm32f1xx_ll_usb.o(i.USB_EPStartXfer)
    USB_EnableGlobalInt                      0x08002e57   Thumb Code    14  stm32f1xx_ll_usb.o(i.USB_EnableGlobalInt)
    USB_LP_CAN1_RX0_IRQHandler               0x08002e65   Thumb Code     6  stm32f1xx_it.o(i.USB_LP_CAN1_RX0_IRQHandler)
    USB_ReadInterrupts                       0x08002e71   Thumb Code     6  stm32f1xx_ll_usb.o(i.USB_ReadInterrupts)
    USB_ReadPMA                              0x08002e79   Thumb Code    30  stm32f1xx_ll_usb.o(i.USB_ReadPMA)
    USB_SetCurrentMode                       0x08002e97   Thumb Code     4  stm32f1xx_ll_usb.o(i.USB_SetCurrentMode)
    USB_SetDevAddress                        0x08002e9b   Thumb Code    12  stm32f1xx_ll_usb.o(i.USB_SetDevAddress)
    USB_WritePMA                             0x08002ea7   Thumb Code    38  stm32f1xx_ll_usb.o(i.USB_WritePMA)
    UsageFault_Handler                       0x08002ecd   Thumb Code     2  stm32f1xx_it.o(i.UsageFault_Handler)
    _Error_Handler                           0x08002ecf   Thumb Code     2  main.o(i._Error_Handler)
    __0sprintf$bare                          0x08002ed1   Thumb Code    32  printfb.o(i.__0sprintf$bare)
    __1sprintf$bare                          0x08002ed1   Thumb Code     0  printfb.o(i.__0sprintf$bare)
    __2sprintf                               0x08002ed1   Thumb Code     0  printfb.o(i.__0sprintf$bare)
    __scatterload_copy                       0x08002ef5   Thumb Code    14  handlers.o(i.__scatterload_copy)
    __scatterload_null                       0x08002f03   Thumb Code     2  handlers.o(i.__scatterload_null)
    __scatterload_zeroinit                   0x08002f05   Thumb Code    14  handlers.o(i.__scatterload_zeroinit)
    lightsTask                               0x08002f3f   Thumb Code    12  freertos.o(i.lightsTask)
    main                                     0x08002f4b   Thumb Code    26  main.o(i.main)
    osDelay                                  0x08002f71   Thumb Code    14  cmsis_os.o(i.osDelay)
    osKernelStart                            0x08002f7f   Thumb Code    10  cmsis_os.o(i.osKernelStart)
    osSystickHandler                         0x08002f89   Thumb Code    20  cmsis_os.o(i.osSystickHandler)
    osThreadCreate                           0x08002f9d   Thumb Code    56  cmsis_os.o(i.osThreadCreate)
    pvPortMalloc                             0x08003145   Thumb Code   182  heap_4.o(i.pvPortMalloc)
    pxPortInitialiseStack                    0x08003201   Thumb Code    28  port.o(i.pxPortInitialiseStack)
    uxListRemove                             0x08003221   Thumb Code    36  list.o(i.uxListRemove)
    vListInitialise                          0x08003245   Thumb Code    22  list.o(i.vListInitialise)
    vListInitialiseItem                      0x0800325b   Thumb Code     6  list.o(i.vListInitialiseItem)
    vListInsert                              0x08003261   Thumb Code    48  list.o(i.vListInsert)
    vListInsertEnd                           0x08003291   Thumb Code    24  list.o(i.vListInsertEnd)
    vPortEnterCritical                       0x080032a9   Thumb Code    44  port.o(i.vPortEnterCritical)
    vPortExitCritical                        0x080032dd   Thumb Code    30  port.o(i.vPortExitCritical)
    vPortFree                                0x08003301   Thumb Code    68  heap_4.o(i.vPortFree)
    vPortSetupTimerInterrupt                 0x08003349   Thumb Code    26  port.o(i.vPortSetupTimerInterrupt)
    vPortYield                               0x08003369   Thumb Code    18  port.o(i.vPortYield)
    vTaskDelay                               0x08003381   Thumb Code    76  tasks.o(i.vTaskDelay)
    vTaskStartScheduler                      0x080033d1   Thumb Code    66  tasks.o(i.vTaskStartScheduler)
    vTaskSuspendAll                          0x08003425   Thumb Code    10  tasks.o(i.vTaskSuspendAll)
    vTaskSwitchContext                       0x08003435   Thumb Code    74  tasks.o(i.vTaskSwitchContext)
    xPortStartScheduler                      0x08003489   Thumb Code   102  port.o(i.xPortStartScheduler)
    xPortSysTickHandler                      0x080034fd   Thumb Code    30  port.o(i.xPortSysTickHandler)
    xTaskGenericCreate                       0x08003521   Thumb Code   372  tasks.o(i.xTaskGenericCreate)
    xTaskGetSchedulerState                   0x0800369d   Thumb Code    22  tasks.o(i.xTaskGetSchedulerState)
    xTaskIncrementTick                       0x080036b9   Thumb Code   184  tasks.o(i.xTaskIncrementTick)
    xTaskResumeAll                           0x08003779   Thumb Code   162  tasks.o(i.xTaskResumeAll)
    AHBPrescTable                            0x0800384c   Data          16  system_stm32f1xx.o(.constdata)
    Region$$Table$$Base                      0x08003874   Number         0  anon$$obj.o(Region$$Table)
    Region$$Table$$Limit                     0x08003894   Number         0  anon$$obj.o(Region$$Table)
    defaultTaskHandle                        0x20000000   Data           4  freertos.o(.data)
    myTask02Handle                           0x20000004   Data           4  freertos.o(.data)
    FS_Desc                                  0x20000008   Data          28  usbd_desc.o(.data)
    USBD_LangIDDesc                          0x20000024   Data           4  usbd_desc.o(.data)
    USBD_FS_DeviceDesc                       0x20000028   Data          18  usbd_desc.o(.data)
    USBD_Interface_fops_FS                   0x2000003c   Data          16  usbd_cdc_if.o(.data)
    UserRxBufferFS                           0x2000004c   Data           4  usbd_cdc_if.o(.data)
    UserTxBufferFS                           0x20000050   Data           4  usbd_cdc_if.o(.data)
    pxCurrentTCB                             0x20000054   Data           4  tasks.o(.data)
    USBD_CDC_CfgHSDesc                       0x200000c4   Data          67  usbd_cdc.o(.data)
    USBD_CDC_CfgFSDesc                       0x20000108   Data          67  usbd_cdc.o(.data)
    USBD_CDC_OtherSpeedCfgDesc               0x2000014c   Data          67  usbd_cdc.o(.data)
    USBD_CDC                                 0x20000190   Data          60  usbd_cdc.o(.data)
    SystemCoreClock                          0x200001d0   Data           4  system_stm32f1xx.o(.data)
    hUsbDeviceFS                             0x200001d4   Data         548  usb_device.o(.bss)
    USBD_StrDesc                             0x200003f8   Data         512  usbd_desc.o(.bss)
    htim1                                    0x200005f8   Data          60  tim.o(.bss)
    hpcd_USB_FS                              0x20000854   Data        1056  usbd_conf.o(.bss)
    __initial_sp                             0x20001d68   Data           0  startup_stm32f103xb.o(STACK)



==============================================================================

Memory Map of the image

  Image Entry point : 0x080000ed

  Load Region LR_IROM1 (Base: 0x08000000, Size: 0x00003a68, Max: 0x00010000, ABSOLUTE, COMPRESSED[0x0000395c])

    Execution Region ER_IROM1 (Base: 0x08000000, Size: 0x00003894, Max: 0x00010000, ABSOLUTE)

    Base Addr    Size         Type   Attr      Idx    E Section Name        Object

    0x08000000   0x000000ec   Data   RO         4362    RESET               startup_stm32f103xb.o
    0x080000ec   0x00000000   Code   RO         4367  * .ARM.Collect$$$$00000000  mc_w.l(entry.o)
    0x080000ec   0x00000004   Code   RO         4638    .ARM.Collect$$$$00000001  mc_w.l(entry2.o)
    0x080000f0   0x00000004   Code   RO         4641    .ARM.Collect$$$$00000004  mc_w.l(entry5.o)
    0x080000f4   0x00000000   Code   RO         4643    .ARM.Collect$$$$00000008  mc_w.l(entry7b.o)
    0x080000f4   0x00000000   Code   RO         4645    .ARM.Collect$$$$0000000A  mc_w.l(entry8b.o)
    0x080000f4   0x00000008   Code   RO         4646    .ARM.Collect$$$$0000000B  mc_w.l(entry9a.o)
    0x080000fc   0x00000000   Code   RO         4648    .ARM.Collect$$$$0000000D  mc_w.l(entry10a.o)
    0x080000fc   0x00000000   Code   RO         4650    .ARM.Collect$$$$0000000F  mc_w.l(entry11a.o)
    0x080000fc   0x00000004   Code   RO         4639    .ARM.Collect$$$$00002712  mc_w.l(entry2.o)
    0x08000100   0x000000a2   Code   RO         1362    .emb_text           port.o
    0x080001a2   0x00000002   PAD
    0x080001a4   0x00000024   Code   RO         4363    .text               startup_stm32f103xb.o
    0x080001c8   0x00000024   Code   RO         4372    .text               mc_w.l(memcpya.o)
    0x080001ec   0x0000000e   Code   RO         4374    .text               mc_w.l(strlen.o)
    0x080001fa   0x00000002   PAD
    0x080001fc   0x00000024   Code   RO         4670    .text               mc_w.l(init.o)
    0x08000220   0x00000056   Code   RO         4688    .text               mc_w.l(__dczerorl2.o)
    0x08000276   0x00000002   Code   RO          367    i.BusFault_Handler  stm32f1xx_it.o
    0x08000278   0x00000004   Code   RO          508    i.CDC_Control_FS    usbd_cdc_if.o
    0x0800027c   0x00000004   Code   RO          509    i.CDC_DeInit_FS     usbd_cdc_if.o
    0x08000280   0x00000024   Code   RO          510    i.CDC_Init_FS       usbd_cdc_if.o
    0x080002a4   0x00000018   Code   RO          511    i.CDC_Receive_FS    usbd_cdc_if.o
    0x080002bc   0x0000002c   Code   RO          512    i.CDC_Transmit_FS   usbd_cdc_if.o
    0x080002e8   0x00000002   Code   RO          368    i.DebugMon_Handler  stm32f1xx_it.o
    0x080002ea   0x00000016   Code   RO         3829    i.HAL_Delay         stm32f1xx_hal.o
    0x08000300   0x000001bc   Code   RO         1894    i.HAL_GPIO_Init     stm32f1xx_hal_gpio.o
    0x080004bc   0x0000000a   Code   RO         1896    i.HAL_GPIO_ReadPin  stm32f1xx_hal_gpio.o
    0x080004c6   0x0000000a   Code   RO         1898    i.HAL_GPIO_WritePin  stm32f1xx_hal_gpio.o
    0x080004d0   0x0000000c   Code   RO         3833    i.HAL_GetTick       stm32f1xx_hal.o
    0x080004dc   0x00000010   Code   RO         3834    i.HAL_IncTick       stm32f1xx_hal.o
    0x080004ec   0x00000024   Code   RO         3835    i.HAL_Init          stm32f1xx_hal.o
    0x08000510   0x00000022   Code   RO         3836    i.HAL_InitTick      stm32f1xx_hal.o
    0x08000532   0x00000002   PAD
    0x08000534   0x00000080   Code   RO          187    i.HAL_MspInit       stm32f1xx_hal_msp.o
    0x080005b4   0x00000016   Code   RO         1776    i.HAL_NVIC_EnableIRQ  stm32f1xx_hal_cortex.o
    0x080005ca   0x00000002   PAD
    0x080005cc   0x00000040   Code   RO         1782    i.HAL_NVIC_SetPriority  stm32f1xx_hal_cortex.o
    0x0800060c   0x00000024   Code   RO         1783    i.HAL_NVIC_SetPriorityGrouping  stm32f1xx_hal_cortex.o
    0x08000630   0x00000034   Code   RO         2526    i.HAL_PCDEx_PMAConfig  stm32f1xx_hal_pcd_ex.o
    0x08000664   0x00000002   Code   RO          602    i.HAL_PCDEx_SetConnectionState  usbd_conf.o
    0x08000666   0x0000000e   Code   RO          604    i.HAL_PCD_DataInStageCallback  usbd_conf.o
    0x08000674   0x00000010   Code   RO          605    i.HAL_PCD_DataOutStageCallback  usbd_conf.o
    0x08000684   0x00000040   Code   RO         3196    i.HAL_PCD_EP_Close  stm32f1xx_hal_pcd.o
    0x080006c4   0x00000048   Code   RO         3197    i.HAL_PCD_EP_ClrStall  stm32f1xx_hal_pcd.o
    0x0800070c   0x00000010   Code   RO         3199    i.HAL_PCD_EP_GetRxCount  stm32f1xx_hal_pcd.o
    0x0800071c   0x00000044   Code   RO         3200    i.HAL_PCD_EP_Open   stm32f1xx_hal_pcd.o
    0x08000760   0x00000040   Code   RO         3201    i.HAL_PCD_EP_Receive  stm32f1xx_hal_pcd.o
    0x080007a0   0x00000056   Code   RO         3202    i.HAL_PCD_EP_SetStall  stm32f1xx_hal_pcd.o
    0x080007f6   0x0000003e   Code   RO         3203    i.HAL_PCD_EP_Transmit  stm32f1xx_hal_pcd.o
    0x08000834   0x0000010a   Code   RO         3205    i.HAL_PCD_IRQHandler  stm32f1xx_hal_pcd.o
    0x0800093e   0x00000002   PAD
    0x08000940   0x000000c0   Code   RO         3208    i.HAL_PCD_Init      stm32f1xx_hal_pcd.o
    0x08000a00   0x0000003c   Code   RO          610    i.HAL_PCD_MspInit   usbd_conf.o
    0x08000a3c   0x0000001a   Code   RO          611    i.HAL_PCD_ResetCallback  usbd_conf.o
    0x08000a56   0x00000008   Code   RO          612    i.HAL_PCD_ResumeCallback  usbd_conf.o
    0x08000a5e   0x00000008   Code   RO          613    i.HAL_PCD_SOFCallback  usbd_conf.o
    0x08000a66   0x00000028   Code   RO         3214    i.HAL_PCD_SetAddress  stm32f1xx_hal_pcd.o
    0x08000a8e   0x0000000e   Code   RO          614    i.HAL_PCD_SetupStageCallback  usbd_conf.o
    0x08000a9c   0x00000032   Code   RO         3216    i.HAL_PCD_Start     stm32f1xx_hal_pcd.o
    0x08000ace   0x00000002   PAD
    0x08000ad0   0x00000024   Code   RO          615    i.HAL_PCD_SuspendCallback  usbd_conf.o
    0x08000af4   0x0000012c   Code   RO         1959    i.HAL_RCCEx_PeriphCLKConfig  stm32f1xx_hal_rcc_ex.o
    0x08000c20   0x00000188   Code   RO         3403    i.HAL_RCC_ClockConfig  stm32f1xx_hal_rcc.o
    0x08000da8   0x0000000c   Code   RO         3408    i.HAL_RCC_GetHCLKFreq  stm32f1xx_hal_rcc.o
    0x08000db4   0x00000088   Code   RO         3412    i.HAL_RCC_GetSysClockFreq  stm32f1xx_hal_rcc.o
    0x08000e3c   0x0000057e   Code   RO         3415    i.HAL_RCC_OscConfig  stm32f1xx_hal_rcc.o
    0x080013ba   0x00000018   Code   RO         1785    i.HAL_SYSTICK_CLKSourceConfig  stm32f1xx_hal_cortex.o
    0x080013d2   0x00000028   Code   RO         1787    i.HAL_SYSTICK_Config  stm32f1xx_hal_cortex.o
    0x080013fa   0x00000050   Code   RO         3521    i.HAL_TIMEx_MasterConfigSynchronization  stm32f1xx_hal_tim_ex.o
    0x0800144a   0x00000036   Code   RO         2558    i.HAL_TIM_Base_Init  stm32f1xx_hal_tim.o
    0x08001480   0x00000028   Code   RO          561    i.HAL_TIM_Base_MspInit  tim.o
    0x080014a8   0x000000f2   Code   RO         2567    i.HAL_TIM_ConfigClockSource  stm32f1xx_hal_tim.o
    0x0800159a   0x00000002   Code   RO          369    i.HardFault_Handler  stm32f1xx_it.o
    0x0800159c   0x0000003c   Code   RO          302    i.MX_FREERTOS_Init  freertos.o
    0x080015d8   0x00000078   Code   RO            4    i.MX_GPIO_Init      gpio.o
    0x08001650   0x00000070   Code   RO          562    i.MX_TIM1_Init      tim.o
    0x080016c0   0x00000038   Code   RO          124    i.MX_USB_DEVICE_Init  usb_device.o
    0x080016f8   0x00000002   Code   RO          370    i.MemManage_Handler  stm32f1xx_it.o
    0x080016fa   0x00000002   Code   RO          371    i.NMI_Handler       stm32f1xx_it.o
    0x080016fc   0x00000020   Code   RO         1789    i.NVIC_SetPriority  stm32f1xx_hal_cortex.o
    0x0800171c   0x00000362   Code   RO         3219    i.PCD_EP_ISR_Handler  stm32f1xx_hal_pcd.o
    0x08001a7e   0x00000002   PAD
    0x08001a80   0x0000007c   Code   RO          303    i.StartDefaultTask  freertos.o
    0x08001afc   0x0000000e   Code   RO          372    i.SysTick_Handler   stm32f1xx_it.o
    0x08001b0a   0x00000078   Code   RO          211    i.SystemClock_Config  main.o
    0x08001b82   0x00000002   PAD
    0x08001b84   0x00000048   Code   RO         4326    i.SystemInit        system_stm32f1xx.o
    0x08001bcc   0x00000064   Code   RO         2642    i.TIM_Base_SetConfig  stm32f1xx_hal_tim.o
    0x08001c30   0x00000014   Code   RO         2649    i.TIM_ETR_SetConfig  stm32f1xx_hal_tim.o
    0x08001c44   0x00000010   Code   RO         2650    i.TIM_ITRx_SetConfig  stm32f1xx_hal_tim.o
    0x08001c54   0x00000022   Code   RO         2656    i.TIM_TI1_ConfigInputStage  stm32f1xx_hal_tim.o
    0x08001c76   0x00000024   Code   RO         2658    i.TIM_TI2_ConfigInputStage  stm32f1xx_hal_tim.o
    0x08001c9a   0x00000014   Code   RO         3956    i.USBD_CDC_DataIn   usbd_cdc.o
    0x08001cae   0x0000002e   Code   RO         3957    i.USBD_CDC_DataOut  usbd_cdc.o
    0x08001cdc   0x0000003c   Code   RO         3958    i.USBD_CDC_DeInit   usbd_cdc.o
    0x08001d18   0x00000024   Code   RO         3959    i.USBD_CDC_EP0_RxReady  usbd_cdc.o
    0x08001d3c   0x0000000c   Code   RO         3960    i.USBD_CDC_GetDeviceQualifierDescriptor  usbd_cdc.o
    0x08001d48   0x0000000c   Code   RO         3961    i.USBD_CDC_GetFSCfgDesc  usbd_cdc.o
    0x08001d54   0x0000000c   Code   RO         3962    i.USBD_CDC_GetHSCfgDesc  usbd_cdc.o
    0x08001d60   0x0000000c   Code   RO         3963    i.USBD_CDC_GetOtherSpeedCfgDesc  usbd_cdc.o
    0x08001d6c   0x00000088   Code   RO         3964    i.USBD_CDC_Init     usbd_cdc.o
    0x08001df4   0x00000028   Code   RO         3965    i.USBD_CDC_ReceivePacket  usbd_cdc.o
    0x08001e1c   0x00000010   Code   RO         3966    i.USBD_CDC_RegisterInterface  usbd_cdc.o
    0x08001e2c   0x0000000c   Code   RO         3967    i.USBD_CDC_SetRxBuffer  usbd_cdc.o
    0x08001e38   0x00000010   Code   RO         3968    i.USBD_CDC_SetTxBuffer  usbd_cdc.o
    0x08001e48   0x00000070   Code   RO         3969    i.USBD_CDC_Setup    usbd_cdc.o
    0x08001eb8   0x00000030   Code   RO         3970    i.USBD_CDC_TransmitPacket  usbd_cdc.o
    0x08001ee8   0x0000000e   Code   RO         4122    i.USBD_ClrClassConfig  usbd_core.o
    0x08001ef6   0x00000010   Code   RO         4062    i.USBD_CtlContinueRx  usbd_ioreq.o
    0x08001f06   0x00000010   Code   RO         4063    i.USBD_CtlContinueSendData  usbd_ioreq.o
    0x08001f16   0x00000016   Code   RO         4260    i.USBD_CtlError     usbd_ctlreq.o
    0x08001f2c   0x0000001e   Code   RO         4064    i.USBD_CtlPrepareRx  usbd_ioreq.o
    0x08001f4a   0x00000016   Code   RO         4065    i.USBD_CtlReceiveStatus  usbd_ioreq.o
    0x08001f60   0x0000001a   Code   RO         4066    i.USBD_CtlSendData  usbd_ioreq.o
    0x08001f7a   0x00000016   Code   RO         4067    i.USBD_CtlSendStatus  usbd_ioreq.o
    0x08001f90   0x00000020   Code   RO          437    i.USBD_FS_ConfigStrDescriptor  usbd_desc.o
    0x08001fb0   0x0000000c   Code   RO          438    i.USBD_FS_DeviceDescriptor  usbd_desc.o
    0x08001fbc   0x00000024   Code   RO          439    i.USBD_FS_InterfaceStrDescriptor  usbd_desc.o
    0x08001fe0   0x0000000c   Code   RO          440    i.USBD_FS_LangIDStrDescriptor  usbd_desc.o
    0x08001fec   0x0000001c   Code   RO          441    i.USBD_FS_ManufacturerStrDescriptor  usbd_desc.o
    0x08002008   0x0000002c   Code   RO          442    i.USBD_FS_ProductStrDescriptor  usbd_desc.o
    0x08002034   0x00000024   Code   RO          443    i.USBD_FS_SerialStrDescriptor  usbd_desc.o
    0x08002058   0x000000f2   Code   RO         4261    i.USBD_GetDescriptor  usbd_ctlreq.o
    0x0800214a   0x00000046   Code   RO         4262    i.USBD_GetString    usbd_ctlreq.o
    0x08002190   0x0000002a   Code   RO         4124    i.USBD_Init         usbd_core.o
    0x080021ba   0x00000020   Code   RO          616    i.USBD_LL_ClearStallEP  usbd_conf.o
    0x080021da   0x00000020   Code   RO          617    i.USBD_LL_CloseEP   usbd_conf.o
    0x080021fa   0x000000aa   Code   RO         4125    i.USBD_LL_DataInStage  usbd_core.o
    0x080022a4   0x0000006a   Code   RO         4126    i.USBD_LL_DataOutStage  usbd_core.o
    0x0800230e   0x00000008   Code   RO          621    i.USBD_LL_GetRxDataSize  usbd_conf.o
    0x08002316   0x00000002   PAD
    0x08002318   0x000000a0   Code   RO          622    i.USBD_LL_Init      usbd_conf.o
    0x080023b8   0x0000001c   Code   RO          623    i.USBD_LL_IsStallEP  usbd_conf.o
    0x080023d4   0x00000026   Code   RO          624    i.USBD_LL_OpenEP    usbd_conf.o
    0x080023fa   0x00000020   Code   RO          625    i.USBD_LL_PrepareReceive  usbd_conf.o
    0x0800241a   0x0000003e   Code   RO         4131    i.USBD_LL_Reset     usbd_core.o
    0x08002458   0x0000000c   Code   RO         4132    i.USBD_LL_Resume    usbd_core.o
    0x08002464   0x00000018   Code   RO         4133    i.USBD_LL_SOF       usbd_core.o
    0x0800247c   0x00000006   Code   RO         4134    i.USBD_LL_SetSpeed  usbd_core.o
    0x08002482   0x00000020   Code   RO          626    i.USBD_LL_SetUSBAddress  usbd_conf.o
    0x080024a2   0x0000005a   Code   RO         4135    i.USBD_LL_SetupStage  usbd_core.o
    0x080024fc   0x00000020   Code   RO          627    i.USBD_LL_StallEP   usbd_conf.o
    0x0800251c   0x00000020   Code   RO          628    i.USBD_LL_Start     usbd_conf.o
    0x0800253c   0x00000012   Code   RO         4136    i.USBD_LL_Suspend   usbd_core.o
    0x0800254e   0x00000020   Code   RO          630    i.USBD_LL_Transmit  usbd_conf.o
    0x0800256e   0x00000028   Code   RO         4263    i.USBD_ParseSetupRequest  usbd_ctlreq.o
    0x08002596   0x00000010   Code   RO         4137    i.USBD_RegisterClass  usbd_core.o
    0x080025a6   0x00000016   Code   RO         4139    i.USBD_SetClassConfig  usbd_core.o
    0x080025bc   0x00000074   Code   RO         4264    i.USBD_SetConfig    usbd_ctlreq.o
    0x08002630   0x0000000a   Code   RO         4140    i.USBD_Start        usbd_core.o
    0x0800263a   0x000000f2   Code   RO         4265    i.USBD_StdDevReq    usbd_ctlreq.o
    0x0800272c   0x000000dc   Code   RO         4266    i.USBD_StdEPReq     usbd_ctlreq.o
    0x08002808   0x00000034   Code   RO         4267    i.USBD_StdItfReq    usbd_ctlreq.o
    0x0800283c   0x00000002   Code   RO          631    i.USBD_static_free  usbd_conf.o
    0x0800283e   0x00000002   PAD
    0x08002840   0x00000008   Code   RO          632    i.USBD_static_malloc  usbd_conf.o
    0x08002848   0x0000025c   Code   RO         2070    i.USB_ActivateEndpoint  stm32f1xx_ll_usb.o
    0x08002aa4   0x00000004   Code   RO         2073    i.USB_CoreInit      stm32f1xx_ll_usb.o
    0x08002aa8   0x00000124   Code   RO         2075    i.USB_DeactivateEndpoint  stm32f1xx_ll_usb.o
    0x08002bcc   0x00000004   Code   RO         2076    i.USB_DevConnect    stm32f1xx_ll_usb.o
    0x08002bd0   0x00000004   Code   RO         2077    i.USB_DevDisconnect  stm32f1xx_ll_usb.o
    0x08002bd4   0x00000012   Code   RO         2078    i.USB_DevInit       stm32f1xx_ll_usb.o
    0x08002be6   0x0000000e   Code   RO         2079    i.USB_DisableGlobalInt  stm32f1xx_ll_usb.o
    0x08002bf4   0x00000004   Code   RO         2080    i.USB_EP0_OutStart  stm32f1xx_ll_usb.o
    0x08002bf8   0x0000006a   Code   RO         2081    i.USB_EPClearStall  stm32f1xx_ll_usb.o
    0x08002c62   0x0000004a   Code   RO         2082    i.USB_EPSetStall    stm32f1xx_ll_usb.o
    0x08002cac   0x000001aa   Code   RO         2083    i.USB_EPStartXfer   stm32f1xx_ll_usb.o
    0x08002e56   0x0000000e   Code   RO         2084    i.USB_EnableGlobalInt  stm32f1xx_ll_usb.o
    0x08002e64   0x0000000c   Code   RO          373    i.USB_LP_CAN1_RX0_IRQHandler  stm32f1xx_it.o
    0x08002e70   0x00000006   Code   RO         2091    i.USB_ReadInterrupts  stm32f1xx_ll_usb.o
    0x08002e76   0x00000002   PAD
    0x08002e78   0x0000001e   Code   RO         2092    i.USB_ReadPMA       stm32f1xx_ll_usb.o
    0x08002e96   0x00000004   Code   RO         2094    i.USB_SetCurrentMode  stm32f1xx_ll_usb.o
    0x08002e9a   0x0000000c   Code   RO         2095    i.USB_SetDevAddress  stm32f1xx_ll_usb.o
    0x08002ea6   0x00000026   Code   RO         2097    i.USB_WritePMA      stm32f1xx_ll_usb.o
    0x08002ecc   0x00000002   Code   RO          374    i.UsageFault_Handler  stm32f1xx_it.o
    0x08002ece   0x00000002   Code   RO          212    i._Error_Handler    main.o
    0x08002ed0   0x00000024   Code   RO         4381    i.__0sprintf$bare   mc_w.l(printfb.o)
    0x08002ef4   0x0000000e   Code   RO         4682    i.__scatterload_copy  mc_w.l(handlers.o)
    0x08002f02   0x00000002   Code   RO         4683    i.__scatterload_null  mc_w.l(handlers.o)
    0x08002f04   0x0000000e   Code   RO         4684    i.__scatterload_zeroinit  mc_w.l(handlers.o)
    0x08002f12   0x00000022   Code   RO         4386    i._printf_core      mc_w.l(printfb.o)
    0x08002f34   0x0000000a   Code   RO         4388    i._sputc            mc_w.l(printfb.o)
    0x08002f3e   0x0000000c   Code   RO          304    i.lightsTask        freertos.o
    0x08002f4a   0x0000001a   Code   RO          213    i.main              main.o
    0x08002f64   0x0000000c   Code   RO         1443    i.makeFreeRtosPriority  cmsis_os.o
    0x08002f70   0x0000000e   Code   RO         1444    i.osDelay           cmsis_os.o
    0x08002f7e   0x0000000a   Code   RO         1447    i.osKernelStart     cmsis_os.o
    0x08002f88   0x00000014   Code   RO         1476    i.osSystickHandler  cmsis_os.o
    0x08002f9c   0x00000038   Code   RO         1477    i.osThreadCreate    cmsis_os.o
    0x08002fd4   0x00000034   Code   RO          880    i.prvAddCurrentTaskToDelayedList  tasks.o
    0x08003008   0x00000054   Code   RO          881    i.prvCheckTasksWaitingTermination  tasks.o
    0x0800305c   0x0000004c   Code   RO         1187    i.prvHeapInit       heap_4.o
    0x080030a8   0x00000018   Code   RO          882    i.prvIdleTask       tasks.o
    0x080030c0   0x0000004c   Code   RO         1188    i.prvInsertBlockIntoFreeList  heap_4.o
    0x0800310c   0x00000020   Code   RO          883    i.prvResetNextTaskUnblockTime  tasks.o
    0x0800312c   0x00000018   Code   RO         1363    i.prvTaskExitError  port.o
    0x08003144   0x000000bc   Code   RO         1189    i.pvPortMalloc      heap_4.o
    0x08003200   0x00000020   Code   RO         1364    i.pxPortInitialiseStack  port.o
    0x08003220   0x00000024   Code   RO         1151    i.uxListRemove      list.o
    0x08003244   0x00000016   Code   RO         1152    i.vListInitialise   list.o
    0x0800325a   0x00000006   Code   RO         1153    i.vListInitialiseItem  list.o
    0x08003260   0x00000030   Code   RO         1154    i.vListInsert       list.o
    0x08003290   0x00000018   Code   RO         1155    i.vListInsertEnd    list.o
    0x080032a8   0x00000034   Code   RO         1366    i.vPortEnterCritical  port.o
    0x080032dc   0x00000024   Code   RO         1367    i.vPortExitCritical  port.o
    0x08003300   0x00000048   Code   RO         1190    i.vPortFree         heap_4.o
    0x08003348   0x00000020   Code   RO         1368    i.vPortSetupTimerInterrupt  port.o
    0x08003368   0x00000018   Code   RO         1370    i.vPortYield        port.o
    0x08003380   0x00000050   Code   RO          891    i.vTaskDelay        tasks.o
    0x080033d0   0x00000054   Code   RO          902    i.vTaskStartScheduler  tasks.o
    0x08003424   0x00000010   Code   RO          904    i.vTaskSuspendAll   tasks.o
    0x08003434   0x00000054   Code   RO          905    i.vTaskSwitchContext  tasks.o
    0x08003488   0x00000074   Code   RO         1371    i.xPortStartScheduler  port.o
    0x080034fc   0x00000024   Code   RO         1372    i.xPortSysTickHandler  port.o
    0x08003520   0x0000017c   Code   RO          907    i.xTaskGenericCreate  tasks.o
    0x0800369c   0x0000001c   Code   RO          911    i.xTaskGetSchedulerState  tasks.o
    0x080036b8   0x000000c0   Code   RO          914    i.xTaskIncrementTick  tasks.o
    0x08003778   0x000000ac   Code   RO          920    i.xTaskResumeAll    tasks.o
    0x08003824   0x00000028   Data   RO          305    .constdata          freertos.o
    0x0800384c   0x00000010   Data   RO         4327    .constdata          system_stm32f1xx.o
    0x0800385c   0x00000018   Data   RO          306    .conststring        freertos.o
    0x08003874   0x00000020   Data   RO         4680    Region$$Table       anon$$obj.o


    Execution Region RW_IRAM1 (Base: 0x20000000, Size: 0x00001d68, Max: 0x00005000, ABSOLUTE, COMPRESSED[0x000000c8])

    Base Addr    Size         Type   Attr      Idx    E Section Name        Object

    0x20000000   0x00000008   Data   RW          307    .data               freertos.o
    0x20000008   0x0000001c   Data   RW          445    .data               usbd_desc.o
    0x20000024   0x00000016   Data   RW          446    .data               usbd_desc.o
    0x2000003a   0x00000002   PAD
    0x2000003c   0x00000010   Data   RW          513    .data               usbd_cdc_if.o
    0x2000004c   0x00000008   Data   RW          514    .data               usbd_cdc_if.o
    0x20000054   0x00000038   Data   RW          923    .data               tasks.o
    0x2000008c   0x00000018   Data   RW         1195    .data               heap_4.o
    0x200000a4   0x0000000c   Data   RW         1373    .data               port.o
    0x200000b0   0x00000004   Data   RW         3841    .data               stm32f1xx_hal.o
    0x200000b4   0x000000db   Data   RW         3971    .data               usbd_cdc.o
    0x2000018f   0x00000001   PAD
    0x20000190   0x0000003c   Data   RW         3972    .data               usbd_cdc.o
    0x200001cc   0x00000001   Data   RW         4268    .data               usbd_ctlreq.o
    0x200001cd   0x00000003   PAD
    0x200001d0   0x00000004   Data   RW         4329    .data               system_stm32f1xx.o
    0x200001d4   0x00000224   Zero   RW          125    .bss                usb_device.o
    0x200003f8   0x00000200   Zero   RW          444    .bss                usbd_desc.o
    0x200005f8   0x0000003c   Zero   RW          563    .bss                tim.o
    0x20000634   0x00000640   Zero   RW          633    .bss                usbd_conf.o
    0x20000c74   0x000000f0   Zero   RW          922    .bss                tasks.o
    0x20000d64   0x00000c00   Zero   RW         1194    .bss                heap_4.o
    0x20001964   0x00000004   PAD
    0x20001968   0x00000400   Zero   RW         4360    STACK               startup_stm32f103xb.o


==============================================================================

Image component sizes


      Code (inc. data)   RO Data    RW Data    ZI Data      Debug   Object Name

       112          0          0          0          0       7496   cmsis_os.o
         0          0          0          0          0       1472   event_groups.o
       196         24         64          8          0       2202   freertos.o
       120         12          0          0          0     453563   gpio.o
       412         24          0         24       3072       3803   heap_4.o
       136          0          0          0          0       3014   list.o
       148          0          0          0          0      23461   main.o
       514         66          0         12          0       7477   port.o
        36          8        236          0       1024        740   startup_stm32f103xb.o
       120         16          0          4          0       3346   stm32f1xx_hal.o
       218         14          0          0          0      25741   stm32f1xx_hal_cortex.o
       464         36          0          0          0       3171   stm32f1xx_hal_gpio.o
       128         10          0          0          0        778   stm32f1xx_hal_msp.o
      1846          0          0          0          0       8705   stm32f1xx_hal_pcd.o
        52          0          0          0          0       1022   stm32f1xx_hal_pcd_ex.o
      1946         70          0          0          0       4358   stm32f1xx_hal_rcc.o
       300         12          0          0          0       1228   stm32f1xx_hal_rcc_ex.o
       502         14          0          0          0       5121   stm32f1xx_hal_tim.o
        80          0          0          0          0       1156   stm32f1xx_hal_tim_ex.o
        38          6          0          0          0       3184   stm32f1xx_it.o
      1654          0          0          0          0      11067   stm32f1xx_ll_usb.o
        72         16         16          4          0       1055   system_stm32f1xx.o
      1228         92          0         56        240      11734   tasks.o
       152         34          0          0         60       1406   tim.o
        56         18          0          0        548       6695   usb_device.o
       590         22          0        279          0      11322   usbd_cdc.o
       112         20          0         24          0       2860   usbd_cdc_if.o
       652         50          0          0       1600      11273   usbd_conf.o
       592          0          0          0          0       7996   usbd_core.o
      1004         30          0          1          0       6272   usbd_ctlreq.o
       200        104          0         50        512       8715   usbd_desc.o
       132          0          0          0          0       3772   usbd_ioreq.o

    ----------------------------------------------------------------------
     13832        698        348        468       7060     645205   Object Totals
         0          0         32          0          0          0   (incl. Generated)
        20          0          0          6          4          0   (incl. Padding)

    ----------------------------------------------------------------------

      Code (inc. data)   RO Data    RW Data    ZI Data      Debug   Library Member Name

        86          0          0          0          0          0   __dczerorl2.o
         0          0          0          0          0          0   entry.o
         0          0          0          0          0          0   entry10a.o
         0          0          0          0          0          0   entry11a.o
         8          4          0          0          0          0   entry2.o
         4          0          0          0          0          0   entry5.o
         0          0          0          0          0          0   entry7b.o
         0          0          0          0          0          0   entry8b.o
         8          4          0          0          0          0   entry9a.o
        30          0          0          0          0          0   handlers.o
        36          8          0          0          0         68   init.o
        36          0          0          0          0         68   memcpya.o
        80          4          0          0          0        236   printfb.o
        14          0          0          0          0         68   strlen.o

    ----------------------------------------------------------------------
       304         20          0          0          0        440   Library Totals
         2          0          0          0          0          0   (incl. Padding)

    ----------------------------------------------------------------------

      Code (inc. data)   RO Data    RW Data    ZI Data      Debug   Library Name

       302         20          0          0          0        440   mc_w.l

    ----------------------------------------------------------------------
       304         20          0          0          0        440   Library Totals

    ----------------------------------------------------------------------

==============================================================================


      Code (inc. data)   RO Data    RW Data    ZI Data      Debug   

     14136        718        348        468       7060     636205   Grand Totals
     14136        718        348        200       7060     636205   ELF Image Totals (compressed)
     14136        718        348        200          0          0   ROM Totals

==============================================================================

    Total RO  Size (Code + RO Data)                14484 (  14.14kB)
    Total RW  Size (RW Data + ZI Data)              7528 (   7.35kB)
    Total ROM Size (Code + RO Data + RW Data)      14684 (  14.34kB)

==============================================================================

